Component: ARM Compiler 5.05 update 1 (build 106) Tool: armlink [4d0efa]

==============================================================================

Section Cross References

    main.o(i.main) refers to delay.o(i.delay_init) for delay_init
    main.o(i.main) refers to delay.o(i.delay_ms) for delay_ms
    main.o(i.main) refers to misc.o(i.NVIC_PriorityGroupConfig) for NVIC_PriorityGroupConfig
    main.o(i.main) refers to can1.o(i.CAN1_Configuration) for CAN1_Configuration
    main.o(i.main) refers to can2.o(i.CAN2_Configuration) for CAN2_Configuration
    main.o(i.main) refers to pwm.o(i.PWM_Configuration) for PWM_Configuration
    main.o(i.main) refers to yaokong_configuration.o(i.YAOKONG_Configuration) for YAOKONG_Configuration
    main.o(i.main) refers to task_init.o(i.TASK_Init) for TASK_Init
    main.o(i.main) refers to timer.o(i.TIM6_Configuration) for TIM6_Configuration
    main.o(i.main) refers to timer.o(i.TIM6_Start) for TIM6_Start
    system_stm32f4xx.o(i.SystemCoreClockUpdate) refers to system_stm32f4xx.o(.data) for SystemCoreClock
    system_stm32f4xx.o(i.SystemInit) refers to system_stm32f4xx.o(i.SetSysClock) for SetSysClock
    stm32f4xx_adc.o(i.ADC_DeInit) refers to stm32f4xx_rcc.o(i.RCC_APB2PeriphResetCmd) for RCC_APB2PeriphResetCmd
    stm32f4xx_can.o(i.CAN_DeInit) refers to stm32f4xx_rcc.o(i.RCC_APB1PeriphResetCmd) for RCC_APB1PeriphResetCmd
    stm32f4xx_can.o(i.CAN_GetITStatus) refers to stm32f4xx_can.o(i.CheckITStatus) for CheckITStatus
    stm32f4xx_cryp.o(i.CRYP_DeInit) refers to stm32f4xx_rcc.o(i.RCC_AHB2PeriphResetCmd) for RCC_AHB2PeriphResetCmd
    stm32f4xx_cryp_aes.o(i.CRYP_AES_CBC) refers to stm32f4xx_cryp.o(i.CRYP_KeyStructInit) for CRYP_KeyStructInit
    stm32f4xx_cryp_aes.o(i.CRYP_AES_CBC) refers to stm32f4xx_cryp.o(i.CRYP_FIFOFlush) for CRYP_FIFOFlush
    stm32f4xx_cryp_aes.o(i.CRYP_AES_CBC) refers to stm32f4xx_cryp.o(i.CRYP_Init) for CRYP_Init
    stm32f4xx_cryp_aes.o(i.CRYP_AES_CBC) refers to stm32f4xx_cryp.o(i.CRYP_KeyInit) for CRYP_KeyInit
    stm32f4xx_cryp_aes.o(i.CRYP_AES_CBC) refers to stm32f4xx_cryp.o(i.CRYP_Cmd) for CRYP_Cmd
    stm32f4xx_cryp_aes.o(i.CRYP_AES_CBC) refers to stm32f4xx_cryp.o(i.CRYP_GetFlagStatus) for CRYP_GetFlagStatus
    stm32f4xx_cryp_aes.o(i.CRYP_AES_CBC) refers to stm32f4xx_cryp.o(i.CRYP_IVInit) for CRYP_IVInit
    stm32f4xx_cryp_aes.o(i.CRYP_AES_CBC) refers to stm32f4xx_cryp.o(i.CRYP_GetCmdStatus) for CRYP_GetCmdStatus
    stm32f4xx_cryp_aes.o(i.CRYP_AES_CBC) refers to stm32f4xx_cryp.o(i.CRYP_DataIn) for CRYP_DataIn
    stm32f4xx_cryp_aes.o(i.CRYP_AES_CBC) refers to stm32f4xx_cryp.o(i.CRYP_DataOut) for CRYP_DataOut
    stm32f4xx_cryp_aes.o(i.CRYP_AES_CCM) refers to stm32f4xx_cryp.o(i.CRYP_KeyStructInit) for CRYP_KeyStructInit
    stm32f4xx_cryp_aes.o(i.CRYP_AES_CCM) refers to stm32f4xx_cryp.o(i.CRYP_FIFOFlush) for CRYP_FIFOFlush
    stm32f4xx_cryp_aes.o(i.CRYP_AES_CCM) refers to stm32f4xx_cryp.o(i.CRYP_KeyInit) for CRYP_KeyInit
    stm32f4xx_cryp_aes.o(i.CRYP_AES_CCM) refers to stm32f4xx_cryp.o(i.CRYP_IVInit) for CRYP_IVInit
    stm32f4xx_cryp_aes.o(i.CRYP_AES_CCM) refers to stm32f4xx_cryp.o(i.CRYP_Init) for CRYP_Init
    stm32f4xx_cryp_aes.o(i.CRYP_AES_CCM) refers to stm32f4xx_cryp.o(i.CRYP_PhaseConfig) for CRYP_PhaseConfig
    stm32f4xx_cryp_aes.o(i.CRYP_AES_CCM) refers to stm32f4xx_cryp.o(i.CRYP_DataIn) for CRYP_DataIn
    stm32f4xx_cryp_aes.o(i.CRYP_AES_CCM) refers to stm32f4xx_cryp.o(i.CRYP_Cmd) for CRYP_Cmd
    stm32f4xx_cryp_aes.o(i.CRYP_AES_CCM) refers to stm32f4xx_cryp.o(i.CRYP_GetCmdStatus) for CRYP_GetCmdStatus
    stm32f4xx_cryp_aes.o(i.CRYP_AES_CCM) refers to stm32f4xx_cryp.o(i.CRYP_GetFlagStatus) for CRYP_GetFlagStatus
    stm32f4xx_cryp_aes.o(i.CRYP_AES_CCM) refers to stm32f4xx_cryp.o(i.CRYP_DataOut) for CRYP_DataOut
    stm32f4xx_cryp_aes.o(i.CRYP_AES_CTR) refers to stm32f4xx_cryp.o(i.CRYP_KeyStructInit) for CRYP_KeyStructInit
    stm32f4xx_cryp_aes.o(i.CRYP_AES_CTR) refers to stm32f4xx_cryp.o(i.CRYP_KeyInit) for CRYP_KeyInit
    stm32f4xx_cryp_aes.o(i.CRYP_AES_CTR) refers to stm32f4xx_cryp.o(i.CRYP_Init) for CRYP_Init
    stm32f4xx_cryp_aes.o(i.CRYP_AES_CTR) refers to stm32f4xx_cryp.o(i.CRYP_IVInit) for CRYP_IVInit
    stm32f4xx_cryp_aes.o(i.CRYP_AES_CTR) refers to stm32f4xx_cryp.o(i.CRYP_FIFOFlush) for CRYP_FIFOFlush
    stm32f4xx_cryp_aes.o(i.CRYP_AES_CTR) refers to stm32f4xx_cryp.o(i.CRYP_Cmd) for CRYP_Cmd
    stm32f4xx_cryp_aes.o(i.CRYP_AES_CTR) refers to stm32f4xx_cryp.o(i.CRYP_GetCmdStatus) for CRYP_GetCmdStatus
    stm32f4xx_cryp_aes.o(i.CRYP_AES_CTR) refers to stm32f4xx_cryp.o(i.CRYP_DataIn) for CRYP_DataIn
    stm32f4xx_cryp_aes.o(i.CRYP_AES_CTR) refers to stm32f4xx_cryp.o(i.CRYP_GetFlagStatus) for CRYP_GetFlagStatus
    stm32f4xx_cryp_aes.o(i.CRYP_AES_CTR) refers to stm32f4xx_cryp.o(i.CRYP_DataOut) for CRYP_DataOut
    stm32f4xx_cryp_aes.o(i.CRYP_AES_ECB) refers to stm32f4xx_cryp.o(i.CRYP_KeyStructInit) for CRYP_KeyStructInit
[...]
    x$fpl$fpinit                             0x080081f6   Section       10  fpinit.o(x$fpl$fpinit)
    $v0                                      0x080081f6   Number         0  fpinit.o(x$fpl$fpinit)
    .constdata                               0x08008200   Section      768  data_send_handle.o(.constdata)
    x$fpl$usenofp                            0x08008200   Section        0  usenofp.o(x$fpl$usenofp)
    .data                                    0x20000000   Section       16  stm32f4xx_rcc.o(.data)
    APBAHBPrescTable                         0x20000000   Data          16  stm32f4xx_rcc.o(.data)
    .data                                    0x20000010   Section     5912  bianliang_definition.o(.data)
    .data                                    0x20001728   Section        4  delay.o(.data)
    fac_us                                   0x20001728   Data           1  delay.o(.data)
    fac_ms                                   0x2000172a   Data           2  delay.o(.data)
    .data                                    0x2000172c   Section        4  yaokong_configuration.o(.data)
    usart1_this_time_rx_len                  0x2000172c   Data           4  yaokong_configuration.o(.data)
    .data                                    0x20001730   Section        8  user_data_usart.o(.data)
    usart3_this_time_rx_len                  0x20001734   Data           4  user_data_usart.o(.data)
    .bss                                     0x20001738   Section     1480  bianliang_definition.o(.bss)
    .bss                                     0x20001d00   Section       60  yaokong_configuration.o(.bss)
    REMOTE_DMA_RX_BUF                        0x20001d00   Data          60  yaokong_configuration.o(.bss)
    .bss                                     0x20001d3c   Section      176  user_data_usart.o(.bss)
    .bss                                     0x20001dec   Section       96  libspace.o(.bss)
    HEAP                                     0x20001e50   Section      512  startup_stm32f40_41xxx.o(HEAP)
    Heap_Mem                                 0x20001e50   Data         512  startup_stm32f40_41xxx.o(HEAP)
    STACK                                    0x20002050   Section     1024  startup_stm32f40_41xxx.o(STACK)
    Stack_Mem                                0x20002050   Data        1024  startup_stm32f40_41xxx.o(STACK)
    __initial_sp                             0x20002450   Data           0  startup_stm32f40_41xxx.o(STACK)

    Global Symbols

    Symbol Name                              Value     Ov Type        Size  Object(Section)

    BuildAttributes$$THM_ISAv4$E$P$D$K$B$S$7EM$VFPi3$EXTD16$VFPS$VFMA$PE$A:L22UL41UL21$X:L11$S22US41US21$IEEE1$IW$USESV6$~STKCKD$USESV7$~SHL$OTIME$ROPI$EBA8$UX$STANDARDLIB$REQ8$PRES8$EABIv2 0x00000000   Number         0  anon$$obj.o ABSOLUTE
    __ARM_use_no_argv                        0x00000000   Number         0  main.o ABSOLUTE
    __ARM_exceptions_init                     - Undefined Weak Reference
    __alloca_initialize                       - Undefined Weak Reference
    __arm_preinit_                            - Undefined Weak Reference
    __cpp_initialize__aeabi_                  - Undefined Weak Reference
    __cxa_finalize                            - Undefined Weak Reference
    __rt_locale                               - Undefined Weak Reference
    __sigvec_lookup                           - Undefined Weak Reference
    __user_heap_extent                        - Undefined Weak Reference
    _atexit_init                              - Undefined Weak Reference
    _call_atexit_fns                          - Undefined Weak Reference
    _clock_init                               - Undefined Weak Reference
    _fp_trap_init                             - Undefined Weak Reference
    _fp_trap_shutdown                         - Undefined Weak Reference
    _get_lc_collate                           - Undefined Weak Reference
    _get_lc_ctype                             - Undefined Weak Reference
    _get_lc_monetary                          - Undefined Weak Reference
    _get_lc_numeric                           - Undefined Weak Reference
    _get_lc_time                              - Undefined Weak Reference
    _getenv_init                              - Undefined Weak Reference
    _handle_redirection                       - Undefined Weak Reference
    _initio                                   - Undefined Weak Reference
    _mutex_acquire                            - Undefined Weak Reference
    _mutex_free                               - Undefined Weak Reference
    _mutex_release                            - Undefined Weak Reference
    _rand_init                                - Undefined Weak Reference
    _signal_finish                            - Undefined Weak Reference
    _signal_init                              - Undefined Weak Reference
    _terminateio                              - Undefined Weak Reference
    __Vectors_Size                           0x00000188   Number         0  startup_stm32f40_41xxx.o ABSOLUTE
    __Vectors                                0x08000000   Data           4  startup_stm32f40_41xxx.o(RESET)
    __Vectors_End                            0x08000188   Data           0  startup_stm32f40_41xxx.o(RESET)
    __main                                   0x08000189   Thumb Code     8  __main.o(!!!main)
    __scatterload                            0x08000191   Thumb Code     0  __scatter.o(!!!scatter)
    __scatterload_rt2                        0x08000191   Thumb Code    44  __scatter.o(!!!scatter)
    __scatterload_rt2_thumb_only             0x08000191   Thumb Code     0  __scatter.o(!!!scatter)
    __scatterload_null                       0x0800019f   Thumb Code     0  __scatter.o(!!!scatter)
    __decompress                             0x080001c5   Thumb Code    90  __dczerorl2.o(!!dczerorl2)
    __decompress1                            0x080001c5   Thumb Code     0  __dczerorl2.o(!!dczerorl2)
    __scatterload_zeroinit                   0x08000221   Thumb Code    28  __scatter_zi.o(!!handler_zi)
    __rt_lib_init                            0x0800023d   Thumb Code     0  libinit.o(.ARM.Collect$$libinit$$00000000)
    __rt_lib_init_fp_1                       0x0800023f   Thumb Code     0  libinit2.o(.ARM.Collect$$libinit$$00000001)
    __rt_lib_init_heap_2                     0x08000243   Thumb Code     0  libinit2.o(.ARM.Collect$$libinit$$00000005)
    __rt_lib_init_preinit_1                  0x08000243   Thumb Code     0  libinit2.o(.ARM.Collect$$libinit$$00000004)
    __rt_lib_init_alloca_1                   0x0800024b   Thumb Code     0  libinit2.o(.ARM.Collect$$libinit$$0000002E)
    __rt_lib_init_argv_1                     0x0800024b   Thumb Code     0  libinit2.o(.ARM.Collect$$libinit$$0000002C)
    __rt_lib_init_atexit_1                   0x0800024b   Thumb Code     0  libinit2.o(.ARM.Collect$$libinit$$0000001B)
    __rt_lib_init_clock_1                    0x0800024b   Thumb Code     0  libinit2.o(.ARM.Collect$$libinit$$00000021)
    __rt_lib_init_cpp_1                      0x0800024b   Thumb Code     0  libinit2.o(.ARM.Collect$$libinit$$00000032)
    __rt_lib_init_exceptions_1               0x0800024b   Thumb Code     0  libinit2.o(.ARM.Collect$$libinit$$00000030)
    __rt_lib_init_fp_trap_1                  0x0800024b   Thumb Code     0  libinit2.o(.ARM.Collect$$libinit$$0000001F)
    __rt_lib_init_getenv_1                   0x0800024b   Thumb Code     0  libinit2.o(.ARM.Collect$$libinit$$00000023)
    __rt_lib_init_heap_1                     0x0800024b   Thumb Code     0  libinit2.o(.ARM.Collect$$libinit$$0000000A)
    __rt_lib_init_lc_collate_1               0x0800024b   Thumb Code     0  libinit2.o(.ARM.Collect$$libinit$$00000011)
    __rt_lib_init_lc_ctype_1                 0x0800024b   Thumb Code     0  libinit2.o(.ARM.Collect$$libinit$$00000013)
    __rt_lib_init_lc_monetary_1              0x0800024b   Thumb Code     0  libinit2.o(.ARM.Collect$$libinit$$00000015)
    __rt_lib_init_lc_numeric_1               0x0800024b   Thumb Code     0  libinit2.o(.ARM.Collect$$libinit$$00000017)
    __rt_lib_init_lc_time_1                  0x0800024b   Thumb Code     0  libinit2.o(.ARM.Collect$$libinit$$00000019)
    __rt_lib_init_rand_1                     0x0800024b   Thumb Code     0  libinit2.o(.ARM.Collect$$libinit$$0000000E)
    __rt_lib_init_return                     0x0800024b   Thumb Code     0  libinit2.o(.ARM.Collect$$libinit$$00000033)
    __rt_lib_init_signal_1                   0x0800024b   Thumb Code     0  libinit2.o(.ARM.Collect$$libinit$$0000001D)
    __rt_lib_init_stdio_1                    0x0800024b   Thumb Code     0  libinit2.o(.ARM.Collect$$libinit$$00000025)
    __rt_lib_init_user_alloc_1               0x0800024b   Thumb Code     0  libinit2.o(.ARM.Collect$$libinit$$0000000C)
    __rt_lib_shutdown                        0x0800024d   Thumb Code     0  libshutdown.o(.ARM.Collect$$libshutdown$$00000000)
    __rt_lib_shutdown_fp_trap_1              0x0800024f   Thumb Code     0  libshutdown2.o(.ARM.Collect$$libshutdown$$00000006)
    __rt_lib_shutdown_heap_1                 0x0800024f   Thumb Code     0  libshutdown2.o(.ARM.Collect$$libshutdown$$0000000E)
    __rt_lib_shutdown_return                 0x0800024f   Thumb Code     0  libshutdown2.o(.ARM.Collect$$libshutdown$$0000000F)
    __rt_lib_shutdown_signal_1               0x0800024f   Thumb Code     0  libshutdown2.o(.ARM.Collect$$libshutdown$$00000009)
    __rt_lib_shutdown_stdio_1                0x0800024f   Thumb Code     0  libshutdown2.o(.ARM.Collect$$libshutdown$$00000003)
    __rt_lib_shutdown_user_alloc_1           0x0800024f   Thumb Code     0  libshutdown2.o(.ARM.Collect$$libshutdown$$0000000B)
    __rt_entry                               0x08000251   Thumb Code     0  __rtentry.o(.ARM.Collect$$rtentry$$00000000)
    __rt_entry_presh_1                       0x08000251   Thumb Code     0  __rtentry2.o(.ARM.Collect$$rtentry$$00000002)
    __rt_entry_sh                            0x08000251   Thumb Code     0  __rtentry4.o(.ARM.Collect$$rtentry$$00000004)
    __rt_entry_li                            0x08000257   Thumb Code     0  __rtentry2.o(.ARM.Collect$$rtentry$$0000000A)
    __rt_entry_postsh_1                      0x08000257   Thumb Code     0  __rtentry2.o(.ARM.Collect$$rtentry$$00000009)
    __rt_entry_main                          0x0800025b   Thumb Code     0  __rtentry2.o(.ARM.Collect$$rtentry$$0000000D)
    __rt_entry_postli_1                      0x0800025b   Thumb Code     0  __rtentry2.o(.ARM.Collect$$rtentry$$0000000C)
    __rt_exit                                0x08000263   Thumb Code     0  rtexit.o(.ARM.Collect$$rtexit$$00000000)
    __rt_exit_ls                             0x08000265   Thumb Code     0  rtexit2.o(.ARM.Collect$$rtexit$$00000003)
    __rt_exit_prels_1                        0x08000265   Thumb Code     0  rtexit2.o(.ARM.Collect$$rtexit$$00000002)
    __rt_exit_exit                           0x08000269   Thumb Code     0  rtexit2.o(.ARM.Collect$$rtexit$$00000004)
    Reset_Handler                            0x08000271   Thumb Code     8  startup_stm32f40_41xxx.o(.text)
    _maybe_terminate_alloc                   0x08000271   Thumb Code     0  maybetermalloc1.o(.emb_text)
    ADC_IRQHandler                           0x0800028b   Thumb Code     0  startup_stm32f40_41xxx.o(.text)
    CAN1_RX1_IRQHandler                      0x0800028b   Thumb Code     0  startup_stm32f40_41xxx.o(.text)
    CAN1_SCE_IRQHandler                      0x0800028b   Thumb Code     0  startup_stm32f40_41xxx.o(.text)
    CAN2_RX1_IRQHandler                      0x0800028b   Thumb Code     0  startup_stm32f40_41xxx.o(.text)
    CAN2_SCE_IRQHandler                      0x0800028b   Thumb Code     0  startup_stm32f40_41xxx.o(.text)
    CRYP_IRQHandler                          0x0800028b   Thumb Code     0  startup_stm32f40_41xxx.o(.text)
    DCMI_IRQHandler                          0x0800028b   Thumb Code     0  startup_stm32f40_41xxx.o(.text)
    DMA1_Stream0_IRQHandler                  0x0800028b   Thumb Code     0  startup_stm32f40_41xxx.o(.text)
    DMA1_Stream1_IRQHandler                  0x0800028b   Thumb Code     0  startup_stm32f40_41xxx.o(.text)
    DMA1_Stream2_IRQHandler                  0x0800028b   Thumb Code     0  startup_stm32f40_41xxx.o(.text)
    DMA1_Stream3_IRQHandler                  0x0800028b   Thumb Code     0  startup_stm32f40_41xxx.o(.text)
    DMA1_Stream4_IRQHandler                  0x0800028b   Thumb Code     0  startup_stm32f40_41xxx.o(.text)
    DMA1_Stream5_IRQHandler                  0x0800028b   Thumb Code     0  startup_stm32f40_41xxx.o(.text)
    DMA1_Stream6_IRQHandler                  0x0800028b   Thumb Code     0  startup_stm32f40_41xxx.o(.text)
    DMA1_Stream7_IRQHandler                  0x0800028b   Thumb Code     0  startup_stm32f40_41xxx.o(.text)
    DMA2_Stream0_IRQHandler                  0x0800028b   Thumb Code     0  startup_stm32f40_41xxx.o(.text)
    DMA2_Stream1_IRQHandler                  0x0800028b   Thumb Code     0  startup_stm32f40_41xxx.o(.text)
    DMA2_Stream2_IRQHandler                  0x0800028b   Thumb Code     0  startup_stm32f40_41xxx.o(.text)
    DMA2_Stream3_IRQHandler                  0x0800028b   Thumb Code     0  startup_stm32f40_41xxx.o(.text)
    DMA2_Stream4_IRQHandler                  0x0800028b   Thumb Code     0  startup_stm32f40_41xxx.o(.text)
    DMA2_Stream5_IRQHandler                  0x0800028b   Thumb Code     0  startup_stm32f40_41xxx.o(.text)
    DMA2_Stream6_IRQHandler                  0x0800028b   Thumb Code     0  startup_stm32f40_41xxx.o(.text)
    DMA2_Stream7_IRQHandler                  0x0800028b   Thumb Code     0  startup_stm32f40_41xxx.o(.text)
    ETH_IRQHandler                           0x0800028b   Thumb Code     0  startup_stm32f40_41xxx.o(.text)
    ETH_WKUP_IRQHandler                      0x0800028b   Thumb Code     0  startup_stm32f40_41xxx.o(.text)
    EXTI0_IRQHandler                         0x0800028b   Thumb Code     0  startup_stm32f40_41xxx.o(.text)
    EXTI15_10_IRQHandler                     0x0800028b   Thumb Code     0  startup_stm32f40_41xxx.o(.text)
    EXTI1_IRQHandler                         0x0800028b   Thumb Code     0  startup_stm32f40_41xxx.o(.text)
    EXTI2_IRQHandler                         0x0800028b   Thumb Code     0  startup_stm32f40_41xxx.o(.text)
    EXTI3_IRQHandler                         0x0800028b   Thumb Code     0  startup_stm32f40_41xxx.o(.text)
    EXTI4_IRQHandler                         0x0800028b   Thumb Code     0  startup_stm32f40_41xxx.o(.text)
    EXTI9_5_IRQHandler                       0x0800028b   Thumb Code     0  startup_stm32f40_41xxx.o(.text)
    FLASH_IRQHandler                         0x0800028b   Thumb Code     0  startup_stm32f40_41xxx.o(.text)
    FPU_IRQHandler                           0x0800028b   Thumb Code     0  startup_stm32f40_41xxx.o(.text)
    FSMC_IRQHandler                          0x0800028b   Thumb Code     0  startup_stm32f40_41xxx.o(.text)
    HASH_RNG_IRQHandler                      0x0800028b   Thumb Code     0  startup_stm32f40_41xxx.o(.text)
    I2C1_ER_IRQHandler                       0x0800028b   Thumb Code     0  startup_stm32f40_41xxx.o(.text)
    I2C1_EV_IRQHandler                       0x0800028b   Thumb Code     0  startup_stm32f40_41xxx.o(.text)
    I2C2_ER_IRQHandler                       0x0800028b   Thumb Code     0  startup_stm32f40_41xxx.o(.text)
    I2C2_EV_IRQHandler                       0x0800028b   Thumb Code     0  startup_stm32f40_41xxx.o(.text)
    I2C3_ER_IRQHandler                       0x0800028b   Thumb Code     0  startup_stm32f40_41xxx.o(.text)
    I2C3_EV_IRQHandler                       0x0800028b   Thumb Code     0  startup_stm32f40_41xxx.o(.text)
    OTG_FS_IRQHandler                        0x0800028b   Thumb Code     0  startup_stm32f40_41xxx.o(.text)
    OTG_FS_WKUP_IRQHandler                   0x0800028b   Thumb Code     0  startup_stm32f40_41xxx.o(.text)
    OTG_HS_EP1_IN_IRQHandler                 0x0800028b   Thumb Code     0  startup_stm32f40_41xxx.o(.text)
    OTG_HS_EP1_OUT_IRQHandler                0x0800028b   Thumb Code     0  startup_stm32f40_41xxx.o(.text)
    OTG_HS_IRQHandler                        0x0800028b   Thumb Code     0  startup_stm32f40_41xxx.o(.text)
    OTG_HS_WKUP_IRQHandler                   0x0800028b   Thumb Code     0  startup_stm32f40_41xxx.o(.text)
    PVD_IRQHandler                           0x0800028b   Thumb Code     0  startup_stm32f40_41xxx.o(.text)
    RCC_IRQHandler                           0x0800028b   Thumb Code     0  startup_stm32f40_41xxx.o(.text)
    RTC_Alarm_IRQHandler                     0x0800028b   Thumb Code     0  startup_stm32f40_41xxx.o(.text)
    RTC_WKUP_IRQHandler                      0x0800028b   Thumb Code     0  startup_stm32f40_41xxx.o(.text)
    SDIO_IRQHandler                          0x0800028b   Thumb Code     0  startup_stm32f40_41xxx.o(.text)
    SPI1_IRQHandler                          0x0800028b   Thumb Code     0  startup_stm32f40_41xxx.o(.text)
    SPI2_IRQHandler                          0x0800028b   Thumb Code     0  startup_stm32f40_41xxx.o(.text)
    SPI3_IRQHandler                          0x0800028b   Thumb Code     0  startup_stm32f40_41xxx.o(.text)
    TAMP_STAMP_IRQHandler                    0x0800028b   Thumb Code     0  startup_stm32f40_41xxx.o(.text)
    TIM1_BRK_TIM9_IRQHandler                 0x0800028b   Thumb Code     0  startup_stm32f40_41xxx.o(.text)
    TIM1_CC_IRQHandler                       0x0800028b   Thumb Code     0  startup_stm32f40_41xxx.o(.text)
    TIM1_TRG_COM_TIM11_IRQHandler            0x0800028b   Thumb Code     0  startup_stm32f40_41xxx.o(.text)
    TIM1_UP_TIM10_IRQHandler                 0x0800028b   Thumb Code     0  startup_stm32f40_41xxx.o(.text)
    TIM3_IRQHandler                          0x0800028b   Thumb Code     0  startup_stm32f40_41xxx.o(.text)
    TIM4_IRQHandler                          0x0800028b   Thumb Code     0  startup_stm32f40_41xxx.o(.text)
    TIM5_IRQHandler                          0x0800028b   Thumb Code     0  startup_stm32f40_41xxx.o(.text)
    TIM7_IRQHandler                          0x0800028b   Thumb Code     0  startup_stm32f40_41xxx.o(.text)
    TIM8_BRK_TIM12_IRQHandler                0x0800028b   Thumb Code     0  startup_stm32f40_41xxx.o(.text)
    TIM8_CC_IRQHandler                       0x0800028b   Thumb Code     0  startup_stm32f40_41xxx.o(.text)
    TIM8_TRG_COM_TIM14_IRQHandler            0x0800028b   Thumb Code     0  startup_stm32f40_41xxx.o(.text)
    TIM8_UP_TIM13_IRQHandler                 0x0800028b   Thumb Code     0  startup_stm32f40_41xxx.o(.text)
    UART4_IRQHandler                         0x0800028b   Thumb Code     0  startup_stm32f40_41xxx.o(.text)
    UART5_IRQHandler                         0x0800028b   Thumb Code     0  startup_stm32f40_41xxx.o(.text)
    USART2_IRQHandler                        0x0800028b   Thumb Code     0  startup_stm32f40_41xxx.o(.text)
    USART6_IRQHandler                        0x0800028b   Thumb Code     0  startup_stm32f40_41xxx.o(.text)
    WWDG_IRQHandler                          0x0800028b   Thumb Code     0  startup_stm32f40_41xxx.o(.text)
    __user_initial_stackheap                 0x0800028d   Thumb Code     0  startup_stm32f40_41xxx.o(.text)
    FIFO_Init                                0x080002b1   Thumb Code    78  fifo.o(.text)
    FIFO_Create                              0x080002ff   Thumb Code    80  fifo.o(.text)
    FIFO_Destory                             0x0800034f   Thumb Code    40  fifo.o(.text)
    FIFO_S_Init                              0x08000377   Thumb Code    62  fifo.o(.text)
    FIFO_S_Create                            0x080003b5   Thumb Code    60  fifo.o(.text)
    FIFO_S_Destory                           0x080003f1   Thumb Code    40  fifo.o(.text)
    FIFO_Put                                 0x08000419   Thumb Code   106  fifo.o(.text)
    FIFO_S_Put                               0x08000483   Thumb Code    68  fifo.o(.text)
    FIFO_S_Puts                              0x080004c7   Thumb Code    98  fifo.o(.text)
    FIFO_Get                                 0x08000529   Thumb Code   106  fifo.o(.text)
    FIFO_S_Get                               0x08000593   Thumb Code    58  fifo.o(.text)
    FIFO_GetHead                             0x080005cd   Thumb Code   162  fifo.o(.text)
    FIFO_S_GetHead                           0x0800066f   Thumb Code    76  fifo.o(.text)
    FIFO_PreRead                             0x080006bb   Thumb Code   108  fifo.o(.text)
    FIFO_S_PreRead                           0x08000727   Thumb Code    48  fifo.o(.text)
    FIFO_IsEmpty                             0x08000757   Thumb Code    24  fifo.o(.text)
    FIFO_S_IsEmpty                           0x0800076f   Thumb Code    24  fifo.o(.text)
    FIFO_IsFull                              0x08000787   Thumb Code    24  fifo.o(.text)
    FIFO_S_IsFull                            0x0800079f   Thumb Code    24  fifo.o(.text)
    FIFO_CountUsed                           0x080007b7   Thumb Code    16  fifo.o(.text)
    FIFO_S_CountUsed                         0x080007c7   Thumb Code    16  fifo.o(.text)
    FIFO_CountFree                           0x080007d7   Thumb Code    16  fifo.o(.text)
    FIFO_S_CountFree                         0x080007e7   Thumb Code    16  fifo.o(.text)
    FIFO_Flush                               0x080007f7   Thumb Code    50  fifo.o(.text)
    FIFO_S_Flush                             0x08000829   Thumb Code    44  fifo.o(.text)
    malloc                                   0x08000855   Thumb Code    94  h1_alloc.o(.text)
    free                                     0x080008b3   Thumb Code    78  h1_free.o(.text)
    __use_two_region_memory                  0x08000901   Thumb Code     2  heapauxi.o(.text)
    __rt_heap_escrow                         0x08000903   Thumb Code     2  heapauxi.o(.text)
    __rt_heap_expand                         0x08000905   Thumb Code     2  heapauxi.o(.text)
    __rt_heap_descriptor                     0x08000909   Thumb Code     8  rt_heap_descriptor_intlibspace.o(.text)
    __use_no_heap                            0x08000911   Thumb Code     2  hguard.o(.text)
    __heap$guard                             0x08000913   Thumb Code     2  hguard.o(.text)
    _terminate_user_alloc                    0x08000915   Thumb Code     2  init_alloc.o(.text)
    _init_user_alloc                         0x08000917   Thumb Code     2  init_alloc.o(.text)
    __Heap_Full                              0x08000919   Thumb Code    34  init_alloc.o(.text)
    __Heap_Broken                            0x0800093b   Thumb Code     6  init_alloc.o(.text)
    _init_alloc                              0x08000941   Thumb Code    94  init_alloc.o(.text)
    __Heap_Initialize                        0x0800099f   Thumb Code    10  h1_init.o(.text)
    __Heap_DescSize                          0x080009a9   Thumb Code     4  h1_init.o(.text)
    __user_libspace                          0x080009ad   Thumb Code     8  libspace.o(.text)
    __user_perproc_libspace                  0x080009ad   Thumb Code     0  libspace.o(.text)
    __user_perthread_libspace                0x080009ad   Thumb Code     0  libspace.o(.text)
    __Heap_ProvideMemory                     0x080009b5   Thumb Code    52  h1_extend.o(.text)
    __rt_SIGRTMEM                            0x080009e9   Thumb Code    14  defsig_rtmem_outer.o(.text)
    __I$use$semihosting                      0x080009f7   Thumb Code     0  use_no_semi.o(.text)
    __use_no_semihosting_swi                 0x080009f7   Thumb Code     2  use_no_semi.o(.text)
    __semihosting_library_function           0x080009f9   Thumb Code     0  indicate_semi.o(.text)
    __user_setup_stackheap                   0x080009f9   Thumb Code    74  sys_stackheap_outer.o(.text)
    exit                                     0x08000a43   Thumb Code    12  exit.o(.text)
    __sig_exit                               0x08000a4f   Thumb Code    10  defsig_exit.o(.text)
    __rt_SIGRTMEM_inner                      0x08000a59   Thumb Code    22  defsig_rtmem_inner.o(.text)
    _sys_exit                                0x08000aa9   Thumb Code     8  sys_exit.o(.text)
    __default_signal_display                 0x08000ab5   Thumb Code    50  defsig_general.o(.text)
    _ttywrch                                 0x08000ae7   Thumb Code    14  sys_wrch.o(.text)
    BusFault_Handler                         0x08000af5   Thumb Code     4  stm32f4xx_it.o(i.BusFault_Handler)
    CAN1_Configuration                       0x08000af9   Thumb Code   264  can1.o(i.CAN1_Configuration)
    CAN1_RX0_IRQHandler                      0x08000c09   Thumb Code    50  can1.o(i.CAN1_RX0_IRQHandler)
    CAN1_TX_IRQHandler                       0x08000c45   Thumb Code    22  can1.o(i.CAN1_TX_IRQHandler)
    CAN2_Configuration                       0x08000c61   Thumb Code   270  can2.o(i.CAN2_Configuration)
    CAN2_RX0_IRQHandler                      0x08000d79   Thumb Code    42  can2.o(i.CAN2_RX0_IRQHandler)
    CAN2_TX_IRQHandler                       0x08000da9   Thumb Code    22  can2.o(i.CAN2_TX_IRQHandler)
    CAN_ClearFlag                            0x08000dc5   Thumb Code    52  stm32f4xx_can.o(i.CAN_ClearFlag)
    CAN_ClearITPendingBit                    0x08000dfd   Thumb Code   162  stm32f4xx_can.o(i.CAN_ClearITPendingBit)
    CAN_DeInit                               0x08000ea5   Thumb Code    50  stm32f4xx_can.o(i.CAN_DeInit)
    CAN_FilterInit                           0x08000edd   Thumb Code   258  stm32f4xx_can.o(i.CAN_FilterInit)
    CAN_GetITStatus                          0x08000fe5   Thumb Code   284  stm32f4xx_can.o(i.CAN_GetITStatus)
    CAN_ITConfig                             0x08001105   Thumb Code    18  stm32f4xx_can.o(i.CAN_ITConfig)
    CAN_Init                                 0x08001117   Thumb Code   276  stm32f4xx_can.o(i.CAN_Init)
    CAN_Receive                              0x0800122b   Thumb Code   240  stm32f4xx_can.o(i.CAN_Receive)
    CAN_StructInit                           0x0800131b   Thumb Code    32  stm32f4xx_can.o(i.CAN_StructInit)
    CAN_Transmit                             0x0800133b   Thumb Code   294  stm32f4xx_can.o(i.CAN_Transmit)
    CHASIS_calculate                         0x08001461   Thumb Code  1644  chassis_motor.o(i.CHASIS_calculate)
    CHASSIS_Motor_TASK                       0x08001b05   Thumb Code  8180  chassis_motor.o(i.CHASSIS_Motor_TASK)
    CM_OUTPUT                                0x08003b31   Thumb Code   896  chassis_motor.o(i.CM_OUTPUT)
    Can2ReceiveMsgProcess                    0x08003f0d   Thumb Code   238  encoder_process.o(i.Can2ReceiveMsgProcess)
    CanReceiveMsgProcess                     0x0800401d   Thumb Code   248  encoder_process.o(i.CanReceiveMsgProcess)
    DMA_Cmd                                  0x0800414b   Thumb Code    22  stm32f4xx_dma.o(i.DMA_Cmd)
    DMA_DeInit                               0x08004161   Thumb Code   324  stm32f4xx_dma.o(i.DMA_DeInit)
    DMA_DoubleBufferModeCmd                  0x080042b9   Thumb Code    22  stm32f4xx_dma.o(i.DMA_DoubleBufferModeCmd)
    DMA_DoubleBufferModeConfig               0x080042cf   Thumb Code    24  stm32f4xx_dma.o(i.DMA_DoubleBufferModeConfig)
    DMA_GetCurrDataCounter                   0x080042e7   Thumb Code     8  stm32f4xx_dma.o(i.DMA_GetCurrDataCounter)
    DMA_GetCurrentMemoryTarget               0x080042ef   Thumb Code    20  stm32f4xx_dma.o(i.DMA_GetCurrentMemoryTarget)
    DMA_Init                                 0x08004305   Thumb Code    82  stm32f4xx_dma.o(i.DMA_Init)
    DMA_StructInit                           0x0800435d   Thumb Code    34  stm32f4xx_dma.o(i.DMA_StructInit)
    DebugMon_Handler                         0x0800437f   Thumb Code     2  stm32f4xx_it.o(i.DebugMon_Handler)
    GPIO_Init                                0x08004381   Thumb Code   144  stm32f4xx_gpio.o(i.GPIO_Init)
    GPIO_PinAFConfig                         0x08004411   Thumb Code    70  stm32f4xx_gpio.o(i.GPIO_PinAFConfig)
    GPIO_ReadInputDataBit                    0x08004457   Thumb Code    18  stm32f4xx_gpio.o(i.GPIO_ReadInputDataBit)
    GPIO_ResetBits                           0x08004469   Thumb Code     4  stm32f4xx_gpio.o(i.GPIO_ResetBits)
    GPIO_SetBits                             0x0800446d   Thumb Code     4  stm32f4xx_gpio.o(i.GPIO_SetBits)
    GPIO_StructInit                          0x08004471   Thumb Code    18  stm32f4xx_gpio.o(i.GPIO_StructInit)
    GetEncoderBias                           0x08004483   Thumb Code    20  encoder_process.o(i.GetEncoderBias)
    Get_CRC16_Check_Sum                      0x08004499   Thumb Code    46  data_send_handle.o(i.Get_CRC16_Check_Sum)
    Get_CRC8_Check_Sum                       0x080044cd   Thumb Code    30  data_send_handle.o(i.Get_CRC8_Check_Sum)
    HardFault_Handler                        0x080044f1   Thumb Code     4  stm32f4xx_it.o(i.HardFault_Handler)
    MemManage_Handler                        0x080044f5   Thumb Code     4  stm32f4xx_it.o(i.MemManage_Handler)
    Motor_2310_EncoderProcess                0x080044f9   Thumb Code   242  encoder_process.o(i.Motor_2310_EncoderProcess)
    Motor_3510_27_EncoderProcess             0x08004605   Thumb Code   242  encoder_process.o(i.Motor_3510_27_EncoderProcess)
    Motor_3510_EncoderProcess                0x08004711   Thumb Code   242  encoder_process.o(i.Motor_3510_EncoderProcess)
    NMI_Handler                              0x0800481d   Thumb Code     2  stm32f4xx_it.o(i.NMI_Handler)
    NVIC_Init                                0x08004821   Thumb Code   106  misc.o(i.NVIC_Init)
    NVIC_PriorityGroupConfig                 0x08004899   Thumb Code    10  misc.o(i.NVIC_PriorityGroupConfig)
    PAW_Motor_TASK                           0x080048ad   Thumb Code   962  paw_motor.o(i.PAW_Motor_TASK)
    PAW_POSITION_HANDLE                      0x08004d29   Thumb Code   126  paw_motor.o(i.PAW_POSITION_HANDLE)
    PID_Calc                                 0x08004db9   Thumb Code   954  pid.o(i.PID_Calc)
    PID_Reset                                0x08005185   Thumb Code    74  pid.o(i.PID_Reset)
    PWM_Configuration                        0x080051d9   Thumb Code    52  pwm.o(i.PWM_Configuration)
    PWM_Configuration_AUTO                   0x08005215   Thumb Code   542  pwm.o(i.PWM_Configuration_AUTO)
    PendSV_Handler                           0x08005439   Thumb Code     2  stm32f4xx_it.o(i.PendSV_Handler)
    RCC_AHB1PeriphClockCmd                   0x0800543d   Thumb Code    26  stm32f4xx_rcc.o(i.RCC_AHB1PeriphClockCmd)
    RCC_APB1PeriphClockCmd                   0x0800545d   Thumb Code    26  stm32f4xx_rcc.o(i.RCC_APB1PeriphClockCmd)
    RCC_APB1PeriphResetCmd                   0x0800547d   Thumb Code    26  stm32f4xx_rcc.o(i.RCC_APB1PeriphResetCmd)
    RCC_APB2PeriphClockCmd                   0x0800549d   Thumb Code    26  stm32f4xx_rcc.o(i.RCC_APB2PeriphClockCmd)
    RCC_APB2PeriphResetCmd                   0x080054bd   Thumb Code    26  stm32f4xx_rcc.o(i.RCC_APB2PeriphResetCmd)
    RCC_GetClocksFreq                        0x080054dd   Thumb Code   214  stm32f4xx_rcc.o(i.RCC_GetClocksFreq)
    RampCalc                                 0x080055c5   Thumb Code    50  ramp.o(i.RampCalc)
    RampInit                                 0x080055f7   Thumb Code     2  ramp.o(i.RampInit)
    RampIsOverflow                           0x080055f9   Thumb Code    44  ramp.o(i.RampIsOverflow)
    RampResetCounter                         0x08005625   Thumb Code     6  ramp.o(i.RampResetCounter)
    RampSetCounter                           0x0800562b   Thumb Code     4  ramp.o(i.RampSetCounter)
    RampSetScale                             0x0800562f   Thumb Code     4  ramp.o(i.RampSetScale)
    RingBuffer_Read                          0x08005635   Thumb Code    50  user_data_usart.o(i.RingBuffer_Read)
    RingBuffer_Write                         0x0800566d   Thumb Code    58  user_data_usart.o(i.RingBuffer_Write)
    STATE_CHANGE                             0x080056ad   Thumb Code  1502  chassis_motor.o(i.STATE_CHANGE)
    SVC_Handler                              0x08005cf9   Thumb Code     2  stm32f4xx_it.o(i.SVC_Handler)
    Set_CM_Speed                             0x08005de9   Thumb Code    92  can2.o(i.Set_CM_Speed)
    Set_Gimbal_Current                       0x08005e45   Thumb Code    92  can2.o(i.Set_Gimbal_Current)
    Switch_GPIO_PinSource                    0x08005ea1   Thumb Code   190  pwm.o(i.Switch_GPIO_PinSource)
    SysTick_CLKSourceConfig                  0x08005f5f   Thumb Code    40  misc.o(i.SysTick_CLKSourceConfig)
    SysTick_Handler                          0x08005f87   Thumb Code     2  stm32f4xx_it.o(i.SysTick_Handler)
    SystemInit                               0x08005f89   Thumb Code    88  system_stm32f4xx.o(i.SystemInit)
    TASK_Init                                0x08005ff1   Thumb Code   328  task_init.o(i.TASK_Init)
    TIM2_IRQHandler                          0x08006171   Thumb Code    30  timer2.o(i.TIM2_IRQHandler)
    TIM6_Configuration                       0x08006191   Thumb Code    72  timer.o(i.TIM6_Configuration)
    TIM6_DAC_IRQHandler                      0x080061dd   Thumb Code    72  timer.o(i.TIM6_DAC_IRQHandler)
    TIM6_Start                               0x0800622d   Thumb Code    30  timer.o(i.TIM6_Start)
    TIM_ARRPreloadConfig                     0x08006251   Thumb Code    24  stm32f4xx_tim.o(i.TIM_ARRPreloadConfig)
    TIM_ClearFlag                            0x08006269   Thumb Code     6  stm32f4xx_tim.o(i.TIM_ClearFlag)
    TIM_ClearITPendingBit                    0x0800626f   Thumb Code     6  stm32f4xx_tim.o(i.TIM_ClearITPendingBit)
    TIM_Cmd                                  0x08006275   Thumb Code    24  stm32f4xx_tim.o(i.TIM_Cmd)
    TIM_CtrlPWMOutputs                       0x0800628d   Thumb Code    30  stm32f4xx_tim.o(i.TIM_CtrlPWMOutputs)
    TIM_GetITStatus                          0x080062ab   Thumb Code    34  stm32f4xx_tim.o(i.TIM_GetITStatus)
    TIM_ITConfig                             0x080062cd   Thumb Code    18  stm32f4xx_tim.o(i.TIM_ITConfig)
    TIM_OC1Init                              0x080062e1   Thumb Code   114  stm32f4xx_tim.o(i.TIM_OC1Init)
    TIM_OC1PreloadConfig                     0x0800635d   Thumb Code    18  stm32f4xx_tim.o(i.TIM_OC1PreloadConfig)
    TIM_OC2Init                              0x08006371   Thumb Code   154  stm32f4xx_tim.o(i.TIM_OC2Init)
    TIM_OC2PreloadConfig                     0x08006415   Thumb Code    26  stm32f4xx_tim.o(i.TIM_OC2PreloadConfig)
    TIM_OC3Init                              0x08006431   Thumb Code   150  stm32f4xx_tim.o(i.TIM_OC3Init)
    TIM_OC3PreloadConfig                     0x080064d1   Thumb Code    18  stm32f4xx_tim.o(i.TIM_OC3PreloadConfig)
    TIM_OC4Init                              0x080064e5   Thumb Code   112  stm32f4xx_tim.o(i.TIM_OC4Init)
    TIM_OC4PreloadConfig                     0x0800655d   Thumb Code    26  stm32f4xx_tim.o(i.TIM_OC4PreloadConfig)
    TIM_SetCompare3                          0x08006577   Thumb Code     4  stm32f4xx_tim.o(i.TIM_SetCompare3)
    TIM_TimeBaseInit                         0x0800657d   Thumb Code   104  stm32f4xx_tim.o(i.TIM_TimeBaseInit)
    TRAILER_Motor_TASK                       0x08006601   Thumb Code   174  paw_motor.o(i.TRAILER_Motor_TASK)
    Transform_Hex_To_Oct                     0x080066ed   Thumb Code    86  user_data_usart.o(i.Transform_Hex_To_Oct)
    UP_DOWN_Motor_TASK                       0x08006745   Thumb Code  1284  up_down_motor.o(i.UP_DOWN_Motor_TASK)
    USART1_IRQHandler                        0x08006c65   Thumb Code   172  yaokong_configuration.o(i.USART1_IRQHandler)
    USART3_IRQHandler                        0x08006d25   Thumb Code   548  user_data_usart.o(i.USART3_IRQHandler)
    USART_Cmd                                0x08006f81   Thumb Code    24  stm32f4xx_usart.o(i.USART_Cmd)
    USART_DMACmd                             0x08006f99   Thumb Code    18  stm32f4xx_usart.o(i.USART_DMACmd)
    USART_DeInit                             0x08006fad   Thumb Code   206  stm32f4xx_usart.o(i.USART_DeInit)
    USART_GetITStatus                        0x0800709d   Thumb Code    84  stm32f4xx_usart.o(i.USART_GetITStatus)
    USART_ITConfig                           0x080070f1   Thumb Code    74  stm32f4xx_usart.o(i.USART_ITConfig)
    USART_Init                               0x0800713d   Thumb Code   204  stm32f4xx_usart.o(i.USART_Init)
    USART_SendData                           0x08007211   Thumb Code     8  stm32f4xx_usart.o(i.USART_SendData)
    USART_StructInit                         0x08007219   Thumb Code    24  stm32f4xx_usart.o(i.USART_StructInit)
    UsageFault_Handler                       0x08007231   Thumb Code     4  stm32f4xx_it.o(i.UsageFault_Handler)
    YAOKONG_Configuration                    0x08007235   Thumb Code   298  yaokong_configuration.o(i.YAOKONG_Configuration)
    YAOKONG_Handle                           0x08007375   Thumb Code   304  yaokong_configuration.o(i.YAOKONG_Handle)
    delay_init                               0x080074e5   Thumb Code    52  delay.o(i.delay_init)
    delay_ms                                 0x08007521   Thumb Code    56  delay.o(i.delay_ms)
    delay_xms                                0x08007559   Thumb Code    72  delay.o(i.delay_xms)
    getRobotPowerHeat                        0x080075a5   Thumb Code   188  user_data_usart.o(i.getRobotPowerHeat)
    main                                     0x08007665   Thumb Code    54  main.o(i.main)
    paw_ramp                                 0x0800769b   Thumb Code     2  paw_motor.o(i.paw_ramp)
    single_double_handle                     0x0800769d   Thumb Code    68  single_double_handle.o(i.single_double_handle)
    solve_chengfang                          0x080076e1   Thumb Code    72  user_data_usart.o(i.solve_chengfang)
    __aeabi_dneg                             0x0800772d   Thumb Code     0  basic.o(x$fpl$basic)
    _dneg                                    0x0800772d   Thumb Code     6  basic.o(x$fpl$basic)
    __aeabi_fneg                             0x08007733   Thumb Code     0  basic.o(x$fpl$basic)
    _fneg                                    0x08007733   Thumb Code     6  basic.o(x$fpl$basic)
    _dabs                                    0x08007739   Thumb Code     6  basic.o(x$fpl$basic)
    _fabs                                    0x0800773f   Thumb Code     6  basic.o(x$fpl$basic)
    __aeabi_dadd                             0x08007745   Thumb Code     0  daddsub_clz.o(x$fpl$dadd)
    _dadd                                    0x08007745   Thumb Code   332  daddsub_clz.o(x$fpl$dadd)
    __fpl_dcmp_Inf                           0x08007895   Thumb Code    24  dcmpi.o(x$fpl$dcmpinf)
    __aeabi_ddiv                             0x080078ad   Thumb Code     0  ddiv.o(x$fpl$ddiv)
    _ddiv                                    0x080078ad   Thumb Code   552  ddiv.o(x$fpl$ddiv)
    __aeabi_cdcmpeq                          0x08007b5d   Thumb Code     0  deqf.o(x$fpl$deqf)
    _dcmpeq                                  0x08007b5d   Thumb Code   120  deqf.o(x$fpl$deqf)
    __aeabi_d2iz                             0x08007bd5   Thumb Code     0  dfix.o(x$fpl$dfix)
    _dfix                                    0x08007bd5   Thumb Code    94  dfix.o(x$fpl$dfix)
    __aeabi_i2d                              0x08007c33   Thumb Code     0  dflt_clz.o(x$fpl$dflt)
    _dflt                                    0x08007c33   Thumb Code    46  dflt_clz.o(x$fpl$dflt)
    __aeabi_cdcmple                          0x08007c61   Thumb Code     0  dleqf.o(x$fpl$dleqf)
    _dcmple                                  0x08007c61   Thumb Code   120  dleqf.o(x$fpl$dleqf)
    __fpl_dcmple_InfNaN                      0x08007cc3   Thumb Code     0  dleqf.o(x$fpl$dleqf)
    __aeabi_dmul                             0x08007cd9   Thumb Code     0  dmul.o(x$fpl$dmul)
    _dmul                                    0x08007cd9   Thumb Code   332  dmul.o(x$fpl$dmul)
    __fpl_dnaninf                            0x08007e2d   Thumb Code   156  dnaninf.o(x$fpl$dnaninf)
    __fpl_dretinf                            0x08007ec9   Thumb Code    12  dretinf.o(x$fpl$dretinf)
    __aeabi_cdrcmple                         0x08007ed5   Thumb Code     0  drleqf.o(x$fpl$drleqf)
    _drcmple                                 0x08007ed5   Thumb Code   108  drleqf.o(x$fpl$drleqf)
    __aeabi_dsub                             0x08007f41   Thumb Code     0  daddsub_clz.o(x$fpl$dsub)
    _dsub                                    0x08007f41   Thumb Code   464  daddsub_clz.o(x$fpl$dsub)
    __aeabi_f2d                              0x08008115   Thumb Code     0  f2d.o(x$fpl$f2d)
    _f2d                                     0x08008115   Thumb Code    86  f2d.o(x$fpl$f2d)
    __fpl_fnaninf                            0x0800816b   Thumb Code   140  fnaninf.o(x$fpl$fnaninf)
    _fp_init                                 0x080081f7   Thumb Code    10  fpinit.o(x$fpl$fpinit)
    __fplib_config_fpu_vfp                   0x080081ff   Thumb Code     0  fpinit.o(x$fpl$fpinit)
    __fplib_config_pureend_doubles           0x080081ff   Thumb Code     0  fpinit.o(x$fpl$fpinit)
    CRC8_TAB                                 0x08008200   Data         256  data_send_handle.o(.constdata)
    __I$use$fp                               0x08008200   Number         0  usenofp.o(x$fpl$usenofp)
    wCRC_Table                               0x08008300   Data         512  data_send_handle.o(.constdata)
    Region$$Table$$Base                      0x08008500   Number         0  anon$$obj.o(Region$$Table)
    Region$$Table$$Limit                     0x08008520   Number         0  anon$$obj.o(Region$$Table)
    ch0                                      0x20000010   Data           2  bianliang_definition.o(.data)
    ch1                                      0x20000012   Data           2  bianliang_definition.o(.data)
    ch2                                      0x20000014   Data           2  bianliang_definition.o(.data)
    ch3                                      0x20000016   Data           2  bianliang_definition.o(.data)
    s1                                       0x20000018   Data           2  bianliang_definition.o(.data)
    s2                                       0x2000001a   Data           2  bianliang_definition.o(.data)
    remote_forward_back_ref                  0x2000001c   Data           2  bianliang_definition.o(.data)
    remote_left_right_ref                    0x2000001e   Data           2  bianliang_definition.o(.data)
    remote_rotate_ref                        0x20000020   Data           2  bianliang_definition.o(.data)
    left_right_ref                           0x20000022   Data           2  bianliang_definition.o(.data)
    forward_back_ref                         0x20000024   Data           2  bianliang_definition.o(.data)
    rotate_ref                               0x20000026   Data           2  bianliang_definition.o(.data)
    up_down_ref                              0x20000028   Data           4  bianliang_definition.o(.data)
    Gyro                                     0x2000002c   Data           6  bianliang_definition.o(.data)
    shuzu_cout                               0x20000034   Data           4  bianliang_definition.o(.data)
    speed_level                              0x20000038   Data           8  bianliang_definition.o(.data)
    CM8_9position_high                       0x20000040   Data           2  bianliang_definition.o(.data)
    CM10_11position_high                     0x20000042   Data           2  bianliang_definition.o(.data)
    delay_count                              0x20000044   Data           4  bianliang_definition.o(.data)
    climb_step_count                         0x20000048   Data           4  bianliang_definition.o(.data)
    down_step_count                          0x2000004c   Data           4  bianliang_definition.o(.data)
    mouse_left_right_slide                   0x20000050   Data           2  bianliang_definition.o(.data)
    mouse_up_down_slide                      0x20000052   Data           2  bianliang_definition.o(.data)
    can_count                                0x20000054   Data           4  bianliang_definition.o(.data)
    INIT_count                               0x20000058   Data           4  bianliang_definition.o(.data)
    can_count_1_4                            0x2000005c   Data           4  bianliang_definition.o(.data)
    paw_count                                0x20000060   Data           4  bianliang_definition.o(.data)
    paw_control_count                        0x20000064   Data           4  bianliang_definition.o(.data)
    paw_init_count                           0x20000068   Data           4  bianliang_definition.o(.data)
    CM5_SPEED_VALUE                          0x20000070   Data           8  bianliang_definition.o(.data)
    CM6_SPEED_VALUE                          0x20000078   Data           8  bianliang_definition.o(.data)
    CM7_SPEED_VALUE                          0x20000080   Data           8  bianliang_definition.o(.data)
    CM8_SPEED_VALUE                          0x20000088   Data           8  bianliang_definition.o(.data)
    CM9_SPEED_VALUE                          0x20000090   Data           8  bianliang_definition.o(.data)
    CM10_SPEED_VALUE                         0x20000098   Data           8  bianliang_definition.o(.data)
    CM11_SPEED_VALUE                         0x200000a0   Data           8  bianliang_definition.o(.data)
    CM12_SPEED_VALUE                         0x200000a8   Data           8  bianliang_definition.o(.data)
    r_f_dif                                  0x200000b0   Data           8  bianliang_definition.o(.data)
    press_l                                  0x200000b8   Data           1  bianliang_definition.o(.data)
    press_r                                  0x200000b9   Data           1  bianliang_definition.o(.data)
    key                                      0x200000bc   Data           4  bianliang_definition.o(.data)
    turnaround                               0x200000c0   Data           4  bianliang_definition.o(.data)
    back_car_turnaround                      0x200000c4   Data           4  bianliang_definition.o(.data)
    PAW_CHANGE_HANDLE                        0x200000c8   Data           2  bianliang_definition.o(.data)
    PAW_CHANGE_HANDLE2                       0x200000ca   Data           2  bianliang_definition.o(.data)
    paw_second_changable                     0x200000cc   Data           2  bianliang_definition.o(.data)
    CM5PositionPID_ref                       0x200000d0   Data           8  bianliang_definition.o(.data)
    CM6PositionPID_ref                       0x200000d8   Data           8  bianliang_definition.o(.data)
    CM7PositionPID_ref                       0x200000e0   Data           8  bianliang_definition.o(.data)
    CM8PositionPID_ref                       0x200000e8   Data           8  bianliang_definition.o(.data)
    CM9PositionPID_ref                       0x200000f0   Data           8  bianliang_definition.o(.data)
    CM10PositionPID_ref                      0x200000f8   Data           8  bianliang_definition.o(.data)
    CM11PositionPID_ref                      0x20000100   Data           8  bianliang_definition.o(.data)
    CM12PositionPID_ref                      0x20000108   Data           8  bianliang_definition.o(.data)
    CM13PositionPID_ref                      0x20000110   Data           8  bianliang_definition.o(.data)
    CM14PositionPID_ref                      0x20000118   Data           8  bianliang_definition.o(.data)
    debug1                                   0x20000120   Data           8  bianliang_definition.o(.data)
    debug2                                   0x20000128   Data           8  bianliang_definition.o(.data)
    debug3                                   0x20000130   Data           8  bianliang_definition.o(.data)
    debug4                                   0x20000138   Data           8  bianliang_definition.o(.data)
    debug5                                   0x20000140   Data           2  bianliang_definition.o(.data)
    debug6                                   0x20000142   Data           2  bianliang_definition.o(.data)
    debug7                                   0x20000144   Data           2  bianliang_definition.o(.data)
    debug8                                   0x20000146   Data           2  bianliang_definition.o(.data)
    debug10                                  0x20000148   Data           2  bianliang_definition.o(.data)
    P_value                                  0x2000014c   Data           4  bianliang_definition.o(.data)
    user_float1                              0x20000150   Data           4  bianliang_definition.o(.data)
    user_float2                              0x20000154   Data           4  bianliang_definition.o(.data)
    user_float3                              0x20000158   Data           4  bianliang_definition.o(.data)
    paw_ref                                  0x20000160   Data           8  bianliang_definition.o(.data)
    paw_up_x                                 0x20000168   Data           8  bianliang_definition.o(.data)
    paw_down_x                               0x20000170   Data           8  bianliang_definition.o(.data)
    paw_init_x                               0x20000178   Data           8  bianliang_definition.o(.data)
    Tail_Over_Zero_Value                     0x20000180   Data           2  bianliang_definition.o(.data)
    Head_Over_Zero_Value                     0x20000182   Data           2  bianliang_definition.o(.data)
    CRC8_Ref_Value                           0x20000184   Data           1  bianliang_definition.o(.data)
    CRC8_Solve_Value                         0x20000185   Data           1  bianliang_definition.o(.data)
    CRC16_Ref_Value                          0x20000186   Data           2  bianliang_definition.o(.data)
    CRC16_Solve_Value                        0x20000188   Data           2  bianliang_definition.o(.data)
    data_Length                              0x2000018a   Data           2  bianliang_definition.o(.data)
    GMPitchRamp                              0x2000018c   Data          36  bianliang_definition.o(.data)
    GMYawRamp                                0x200001b0   Data          36  bianliang_definition.o(.data)
    frictionRamp                             0x200001d4   Data          36  bianliang_definition.o(.data)
    FBSpeedRamp                              0x200001f8   Data          36  bianliang_definition.o(.data)
    LOCA_SpeedRamp                           0x2000021c   Data          36  bianliang_definition.o(.data)
    LRSpeedRamp                              0x20000240   Data          36  bianliang_definition.o(.data)
    RoSpeedRamp                              0x20000264   Data          36  bianliang_definition.o(.data)
    CM8_9ramp                                0x20000288   Data          36  bianliang_definition.o(.data)
    CM10_11ramp                              0x200002ac   Data          36  bianliang_definition.o(.data)
    CM12_13ramp                              0x200002d0   Data          36  bianliang_definition.o(.data)
    CM14ramp                                 0x200002f4   Data          36  bianliang_definition.o(.data)
    paw_up_ramp                              0x20000318   Data          36  bianliang_definition.o(.data)
    paw_down_ramp                            0x2000033c   Data          36  bianliang_definition.o(.data)
    paw_init_ramp                            0x20000360   Data          36  bianliang_definition.o(.data)
    Engineer_workstate                       0x20000384   Data           1  bianliang_definition.o(.data)
    LAST_workstate                           0x20000385   Data           1  bianliang_definition.o(.data)
    speed_state                              0x20000386   Data           1  bianliang_definition.o(.data)
    CLIMBSTATE                               0x20000387   Data           1  bianliang_definition.o(.data)
    LAST_CLIMBSTATE                          0x20000388   Data           1  bianliang_definition.o(.data)
    DOWNSTATE                                0x20000389   Data           1  bianliang_definition.o(.data)
    LAST_DOWNSTATE                           0x2000038a   Data           1  bianliang_definition.o(.data)
    chasis_state                             0x2000038b   Data           1  bianliang_definition.o(.data)
    last_chasis_state                        0x2000038c   Data           1  bianliang_definition.o(.data)
    aux_chasis_state                         0x2000038d   Data           1  bianliang_definition.o(.data)
    paw_hori_state                           0x2000038e   Data           1  bianliang_definition.o(.data)
    paw_verti_state                          0x2000038f   Data           1  bianliang_definition.o(.data)
    last_paw_verti_state                     0x20000390   Data           1  bianliang_definition.o(.data)
    paw_cylinder_state                       0x20000391   Data           1  bianliang_definition.o(.data)
    trailer_state                            0x20000392   Data           1  bianliang_definition.o(.data)
    leg_state                                0x20000393   Data           1  bianliang_definition.o(.data)
    speed_step                               0x20000394   Data           1  bianliang_definition.o(.data)
    CM1SpeedPID                              0x20000398   Data         152  bianliang_definition.o(.data)
    CM2SpeedPID                              0x20000430   Data         152  bianliang_definition.o(.data)
    CM3SpeedPID                              0x200004c8   Data         152  bianliang_definition.o(.data)
    CM4SpeedPID                              0x20000560   Data         152  bianliang_definition.o(.data)
    CM5SpeedPID                              0x200005f8   Data         152  bianliang_definition.o(.data)
    CM6SpeedPID                              0x20000690   Data         152  bianliang_definition.o(.data)
    CM7SpeedPID                              0x20000728   Data         152  bianliang_definition.o(.data)
    CM8SpeedPID                              0x200007c0   Data         152  bianliang_definition.o(.data)
    CM9SpeedPID                              0x20000858   Data         152  bianliang_definition.o(.data)
    CM10SpeedPID                             0x200008f0   Data         152  bianliang_definition.o(.data)
    CM11SpeedPID                             0x20000988   Data         152  bianliang_definition.o(.data)
    CM12SpeedPID                             0x20000a20   Data         152  bianliang_definition.o(.data)
    CM13SpeedPID                             0x20000ab8   Data         152  bianliang_definition.o(.data)
    CM14SpeedPID                             0x20000b50   Data         152  bianliang_definition.o(.data)
    CM1PositionPID                           0x20000be8   Data         152  bianliang_definition.o(.data)
    CM2PositionPID                           0x20000c80   Data         152  bianliang_definition.o(.data)
    CM3PositionPID                           0x20000d18   Data         152  bianliang_definition.o(.data)
    CM4PositionPID                           0x20000db0   Data         152  bianliang_definition.o(.data)
    CM5PositionPID                           0x20000e48   Data         152  bianliang_definition.o(.data)
    CM6PositionPID                           0x20000ee0   Data         152  bianliang_definition.o(.data)
    CM7PositionPID                           0x20000f78   Data         152  bianliang_definition.o(.data)
    CM8PositionPID                           0x20001010   Data         152  bianliang_definition.o(.data)
    CM9PositionPID                           0x200010a8   Data         152  bianliang_definition.o(.data)
    CM10PositionPID                          0x20001140   Data         152  bianliang_definition.o(.data)
    CM11PositionPID                          0x200011d8   Data         152  bianliang_definition.o(.data)
    CM12PositionPID                          0x20001270   Data         152  bianliang_definition.o(.data)
    CM13PositionPID                          0x20001308   Data         152  bianliang_definition.o(.data)
    CM14PositionPID                          0x200013a0   Data         152  bianliang_definition.o(.data)
    GMPPositionPID                           0x20001438   Data         152  bianliang_definition.o(.data)
    GMPSpeedPID                              0x200014d0   Data         152  bianliang_definition.o(.data)
    GMYPositionPID                           0x20001568   Data         152  bianliang_definition.o(.data)
    GMYSpeedPID                              0x20001600   Data         152  bianliang_definition.o(.data)
    Q_PRESS                                  0x20001698   Data           4  bianliang_definition.o(.data)
    E_PRESS                                  0x2000169c   Data           4  bianliang_definition.o(.data)
    R_PRESS                                  0x200016a0   Data           4  bianliang_definition.o(.data)
    F_PRESS                                  0x200016a4   Data           4  bianliang_definition.o(.data)
    G_PRESS                                  0x200016a8   Data           4  bianliang_definition.o(.data)
    Z_PRESS                                  0x200016ac   Data           4  bianliang_definition.o(.data)
    X_PRESS                                  0x200016b0   Data           4  bianliang_definition.o(.data)
    C_PRESS                                  0x200016b4   Data           4  bianliang_definition.o(.data)
    V_PRESS                                  0x200016b8   Data           4  bianliang_definition.o(.data)
    B_PRESS                                  0x200016bc   Data           4  bianliang_definition.o(.data)
    PRESS_MOUSE_R                            0x200016c0   Data           4  bianliang_definition.o(.data)
    PRESS_MOUSE_L                            0x200016c4   Data           4  bianliang_definition.o(.data)
    CS_PRESS                                 0x200016c8   Data           4  bianliang_definition.o(.data)
    KEY_Q_count                              0x200016cc   Data           4  bianliang_definition.o(.data)
    KEY_E_count                              0x200016d0   Data           4  bianliang_definition.o(.data)
    KEY_R_count                              0x200016d4   Data           4  bianliang_definition.o(.data)
    KEY_F_count                              0x200016d8   Data           4  bianliang_definition.o(.data)
    KEY_G_count                              0x200016dc   Data           4  bianliang_definition.o(.data)
    KEY_Z_count                              0x200016e0   Data           4  bianliang_definition.o(.data)
    KEY_X_count                              0x200016e4   Data           4  bianliang_definition.o(.data)
    KEY_C_count                              0x200016e8   Data           4  bianliang_definition.o(.data)
    KEY_V_count                              0x200016ec   Data           4  bianliang_definition.o(.data)
    KEY_B_count                              0x200016f0   Data           4  bianliang_definition.o(.data)
    MOUSE_R_count                            0x200016f4   Data           4  bianliang_definition.o(.data)
    MOUSE_L_count                            0x200016f8   Data           4  bianliang_definition.o(.data)
    KEY_CS_count                             0x200016fc   Data           4  bianliang_definition.o(.data)
    V_STATE_FLAG                             0x20001700   Data           2  bianliang_definition.o(.data)
    B_STATE_FLAG                             0x20001702   Data           2  bianliang_definition.o(.data)
    C_STATE_FLAG                             0x20001704   Data           2  bianliang_definition.o(.data)
    X_STATE_FLAG                             0x20001706   Data           2  bianliang_definition.o(.data)
    REMOTE_LOSE_COUT                         0x20001708   Data           4  bianliang_definition.o(.data)
    OVER_P_SPEED                             0x20001710   Data           8  bianliang_definition.o(.data)
    speed_buchang                            0x20001718   Data           8  bianliang_definition.o(.data)
    handle_state                             0x20001720   Data           2  bianliang_definition.o(.data)
    handle_state2                            0x20001722   Data           2  bianliang_definition.o(.data)
    handle_state3                            0x20001724   Data           2  bianliang_definition.o(.data)
    handle_state4                            0x20001726   Data           2  bianliang_definition.o(.data)
    UART_TranFifo                            0x20001730   Data           4  user_data_usart.o(.data)
    computer_tx_buf                          0x20001738   Data          22  bianliang_definition.o(.bss)
    user_data                                0x2000174e   Data          13  bianliang_definition.o(.bss)
    buffer                                   0x2000175b   Data         108  bianliang_definition.o(.bss)
    Save_Element_Array                       0x200017c7   Data          30  bianliang_definition.o(.bss)
    aim_location                             0x200017e8   Data          24  bianliang_definition.o(.bss)
    CM1Encoder                               0x20001800   Data          80  bianliang_definition.o(.bss)
    CM2Encoder                               0x20001850   Data          80  bianliang_definition.o(.bss)
    CM3Encoder                               0x200018a0   Data          80  bianliang_definition.o(.bss)
    CM4Encoder                               0x200018f0   Data          80  bianliang_definition.o(.bss)
    CM5Encoder                               0x20001940   Data          80  bianliang_definition.o(.bss)
    CM6Encoder                               0x20001990   Data          80  bianliang_definition.o(.bss)
    CM7Encoder                               0x200019e0   Data          80  bianliang_definition.o(.bss)
    CM8Encoder                               0x20001a30   Data          80  bianliang_definition.o(.bss)
    CM9Encoder                               0x20001a80   Data          80  bianliang_definition.o(.bss)
    CM10Encoder                              0x20001ad0   Data          80  bianliang_definition.o(.bss)
    CM11Encoder                              0x20001b20   Data          80  bianliang_definition.o(.bss)
    CM12Encoder                              0x20001b70   Data          80  bianliang_definition.o(.bss)
    CM13Encoder                              0x20001bc0   Data          80  bianliang_definition.o(.bss)
    CM14Encoder                              0x20001c10   Data          80  bianliang_definition.o(.bss)
    GMPitchEncoder                           0x20001c60   Data          80  bianliang_definition.o(.bss)
    GMYawEncoder                             0x20001cb0   Data          80  bianliang_definition.o(.bss)
    USART3_DMA1_RX_BUF                       0x20001d3c   Data         176  user_data_usart.o(.bss)
    __libspace_start                         0x20001dec   Data          96  libspace.o(.bss)
    __temporary_stack_top$libspace           0x20001e4c   Data           0  libspace.o(.bss)



==============================================================================

Memory Map of the image

  Image Entry point : 0x08000189

  Load Region LR_IROM1 (Base: 0x08000000, Size: 0x00009c58, Max: 0x00100000, ABSOLUTE, COMPRESSED[0x000085f0])

    Execution Region ER_IROM1 (Base: 0x08000000, Size: 0x00008520, Max: 0x00100000, ABSOLUTE)

    Base Addr    Size         Type   Attr      Idx    E Section Name        Object

    0x08000000   0x00000188   Data   RO         5095    RESET               startup_stm32f40_41xxx.o
    0x08000188   0x00000008   Code   RO         6097  * !!!main             c_w.l(__main.o)
    0x08000190   0x00000034   Code   RO         6348    !!!scatter          c_w.l(__scatter.o)
    0x080001c4   0x0000005a   Code   RO         6346    !!dczerorl2         c_w.l(__dczerorl2.o)
    0x0800021e   0x00000002   PAD
    0x08000220   0x0000001c   Code   RO         6350    !!handler_zi        c_w.l(__scatter_zi.o)
    0x0800023c   0x00000002   Code   RO         6286    .ARM.Collect$$libinit$$00000000  c_w.l(libinit.o)
    0x0800023e   0x00000004   Code   RO         6167    .ARM.Collect$$libinit$$00000001  c_w.l(libinit2.o)
    0x08000242   0x00000000   Code   RO         6170    .ARM.Collect$$libinit$$00000004  c_w.l(libinit2.o)
    0x08000242   0x00000008   Code   RO         6171    .ARM.Collect$$libinit$$00000005  c_w.l(libinit2.o)
    0x0800024a   0x00000000   Code   RO         6173    .ARM.Collect$$libinit$$0000000A  c_w.l(libinit2.o)
    0x0800024a   0x00000000   Code   RO         6175    .ARM.Collect$$libinit$$0000000C  c_w.l(libinit2.o)
    0x0800024a   0x00000000   Code   RO         6177    .ARM.Collect$$libinit$$0000000E  c_w.l(libinit2.o)
    0x0800024a   0x00000000   Code   RO         6180    .ARM.Collect$$libinit$$00000011  c_w.l(libinit2.o)
    0x0800024a   0x00000000   Code   RO         6182    .ARM.Collect$$libinit$$00000013  c_w.l(libinit2.o)
    0x0800024a   0x00000000   Code   RO         6184    .ARM.Collect$$libinit$$00000015  c_w.l(libinit2.o)
    0x0800024a   0x00000000   Code   RO         6186    .ARM.Collect$$libinit$$00000017  c_w.l(libinit2.o)
    0x0800024a   0x00000000   Code   RO         6188    .ARM.Collect$$libinit$$00000019  c_w.l(libinit2.o)
    0x0800024a   0x00000000   Code   RO         6190    .ARM.Collect$$libinit$$0000001B  c_w.l(libinit2.o)
    0x0800024a   0x00000000   Code   RO         6192    .ARM.Collect$$libinit$$0000001D  c_w.l(libinit2.o)
    0x0800024a   0x00000000   Code   RO         6194    .ARM.Collect$$libinit$$0000001F  c_w.l(libinit2.o)
    0x0800024a   0x00000000   Code   RO         6196    .ARM.Collect$$libinit$$00000021  c_w.l(libinit2.o)
    0x0800024a   0x00000000   Code   RO         6198    .ARM.Collect$$libinit$$00000023  c_w.l(libinit2.o)
    0x0800024a   0x00000000   Code   RO         6200    .ARM.Collect$$libinit$$00000025  c_w.l(libinit2.o)
    0x0800024a   0x00000000   Code   RO         6204    .ARM.Collect$$libinit$$0000002C  c_w.l(libinit2.o)
    0x0800024a   0x00000000   Code   RO         6206    .ARM.Collect$$libinit$$0000002E  c_w.l(libinit2.o)
    0x0800024a   0x00000000   Code   RO         6208    .ARM.Collect$$libinit$$00000030  c_w.l(libinit2.o)
    0x0800024a   0x00000000   Code   RO         6210    .ARM.Collect$$libinit$$00000032  c_w.l(libinit2.o)
    0x0800024a   0x00000002   Code   RO         6211    .ARM.Collect$$libinit$$00000033  c_w.l(libinit2.o)
    0x0800024c   0x00000002   Code   RO         6343    .ARM.Collect$$libshutdown$$00000000  c_w.l(libshutdown.o)
    0x0800024e   0x00000000   Code   RO         6301    .ARM.Collect$$libshutdown$$00000003  c_w.l(libshutdown2.o)
    0x0800024e   0x00000000   Code   RO         6304    .ARM.Collect$$libshutdown$$00000006  c_w.l(libshutdown2.o)
    0x0800024e   0x00000000   Code   RO         6307    .ARM.Collect$$libshutdown$$00000009  c_w.l(libshutdown2.o)
    0x0800024e   0x00000000   Code   RO         6309    .ARM.Collect$$libshutdown$$0000000B  c_w.l(libshutdown2.o)
    0x0800024e   0x00000000   Code   RO         6312    .ARM.Collect$$libshutdown$$0000000E  c_w.l(libshutdown2.o)
    0x0800024e   0x00000002   Code   RO         6313    .ARM.Collect$$libshutdown$$0000000F  c_w.l(libshutdown2.o)
    0x08000250   0x00000000   Code   RO         6135    .ARM.Collect$$rtentry$$00000000  c_w.l(__rtentry.o)
    0x08000250   0x00000000   Code   RO         6229    .ARM.Collect$$rtentry$$00000002  c_w.l(__rtentry2.o)
    0x08000250   0x00000006   Code   RO         6241    .ARM.Collect$$rtentry$$00000004  c_w.l(__rtentry4.o)
    0x08000256   0x00000000   Code   RO         6231    .ARM.Collect$$rtentry$$00000009  c_w.l(__rtentry2.o)
    0x08000256   0x00000004   Code   RO         6232    .ARM.Collect$$rtentry$$0000000A  c_w.l(__rtentry2.o)
    0x0800025a   0x00000000   Code   RO         6234    .ARM.Collect$$rtentry$$0000000C  c_w.l(__rtentry2.o)
    0x0800025a   0x00000008   Code   RO         6235    .ARM.Collect$$rtentry$$0000000D  c_w.l(__rtentry2.o)
    0x08000262   0x00000002   Code   RO         6289    .ARM.Collect$$rtexit$$00000000  c_w.l(rtexit.o)
    0x08000264   0x00000000   Code   RO         6317    .ARM.Collect$$rtexit$$00000002  c_w.l(rtexit2.o)
    0x08000264   0x00000004   Code   RO         6318    .ARM.Collect$$rtexit$$00000003  c_w.l(rtexit2.o)
    0x08000268   0x00000006   Code   RO         6319    .ARM.Collect$$rtexit$$00000004  c_w.l(rtexit2.o)
    0x0800026e   0x00000002   PAD
    0x08000270   0x00000000   Code   RO         6245    .emb_text           c_w.l(maybetermalloc1.o)
    0x08000270   0x00000040   Code   RO         5096    .text               startup_stm32f40_41xxx.o
    0x080002b0   0x000005a4   Code   RO         5937    .text               RMLib.lib(fifo.o)
    0x08000854   0x0000005e   Code   RO         6033    .text               c_w.l(h1_alloc.o)
    0x080008b2   0x0000004e   Code   RO         6035    .text               c_w.l(h1_free.o)
    0x08000900   0x00000006   Code   RO         6095    .text               c_w.l(heapauxi.o)
    0x08000906   0x00000002   PAD
    0x08000908   0x00000008   Code   RO         6139    .text               c_w.l(rt_heap_descriptor_intlibspace.o)
    0x08000910   0x00000004   Code   RO         6141    .text               c_w.l(hguard.o)
    0x08000914   0x0000008a   Code   RO         6143    .text               c_w.l(init_alloc.o)
    0x0800099e   0x0000000e   Code   RO         6147    .text               c_w.l(h1_init.o)
    0x080009ac   0x00000008   Code   RO         6225    .text               c_w.l(libspace.o)
    0x080009b4   0x00000034   Code   RO         6247    .text               c_w.l(h1_extend.o)
    0x080009e8   0x0000000e   Code   RO         6251    .text               c_w.l(defsig_rtmem_outer.o)
    0x080009f6   0x00000002   Code   RO         6262    .text               c_w.l(use_no_semi.o)
    0x080009f8   0x00000000   Code   RO         6264    .text               c_w.l(indicate_semi.o)
    0x080009f8   0x0000004a   Code   RO         6265    .text               c_w.l(sys_stackheap_outer.o)
    0x08000a42   0x0000000c   Code   RO         6271    .text               c_w.l(exit.o)
    0x08000a4e   0x0000000a   Code   RO         6273    .text               c_w.l(defsig_exit.o)
    0x08000a58   0x00000050   Code   RO         6275    .text               c_w.l(defsig_rtmem_inner.o)
    0x08000aa8   0x0000000c   Code   RO         6287    .text               c_w.l(sys_exit.o)
    0x08000ab4   0x00000032   Code   RO         6297    .text               c_w.l(defsig_general.o)
    0x08000ae6   0x0000000e   Code   RO         6314    .text               c_w.l(sys_wrch.o)
    0x08000af4   0x00000004   Code   RO            3    i.BusFault_Handler  stm32f4xx_it.o
    0x08000af8   0x00000110   Code   RO         5202    i.CAN1_Configuration  can1.o
    0x08000c08   0x0000003c   Code   RO         5203    i.CAN1_RX0_IRQHandler  can1.o
    0x08000c44   0x0000001c   Code   RO         5204    i.CAN1_TX_IRQHandler  can1.o
    0x08000c60   0x00000118   Code   RO         5234    i.CAN2_Configuration  can2.o
    0x08000d78   0x00000030   Code   RO         5235    i.CAN2_RX0_IRQHandler  can2.o
    0x08000da8   0x0000001c   Code   RO         5236    i.CAN2_TX_IRQHandler  can2.o
    0x08000dc4   0x00000038   Code   RO          652    i.CAN_ClearFlag     stm32f4xx_can.o
    0x08000dfc   0x000000a8   Code   RO          653    i.CAN_ClearITPendingBit  stm32f4xx_can.o
    0x08000ea4   0x00000038   Code   RO          655    i.CAN_DeInit        stm32f4xx_can.o
    0x08000edc   0x00000108   Code   RO          657    i.CAN_FilterInit    stm32f4xx_can.o
    0x08000fe4   0x00000120   Code   RO          659    i.CAN_GetITStatus   stm32f4xx_can.o
    0x08001104   0x00000012   Code   RO          663    i.CAN_ITConfig      stm32f4xx_can.o
    0x08001116   0x00000114   Code   RO          664    i.CAN_Init          stm32f4xx_can.o
    0x0800122a   0x000000f0   Code   RO          667    i.CAN_Receive       stm32f4xx_can.o
    0x0800131a   0x00000020   Code   RO          670    i.CAN_StructInit    stm32f4xx_can.o
    0x0800133a   0x00000126   Code   RO          672    i.CAN_Transmit      stm32f4xx_can.o
    0x08001460   0x000006a4   Code   RO         5441    i.CHASIS_calculate  chassis_motor.o
    0x08001b04   0x0000202c   Code   RO         5442    i.CHASSIS_Motor_TASK  chassis_motor.o
    0x08003b30   0x000003dc   Code   RO         5443    i.CM_OUTPUT         chassis_motor.o
    0x08003f0c   0x00000110   Code   RO         5542    i.Can2ReceiveMsgProcess  encoder_process.o
    0x0800401c   0x0000011c   Code   RO         5543    i.CanReceiveMsgProcess  encoder_process.o
    0x08004138   0x00000012   Code   RO          675    i.CheckITStatus     stm32f4xx_can.o
    0x0800414a   0x00000016   Code   RO         1354    i.DMA_Cmd           stm32f4xx_dma.o
    0x08004160   0x00000158   Code   RO         1355    i.DMA_DeInit        stm32f4xx_dma.o
    0x080042b8   0x00000016   Code   RO         1356    i.DMA_DoubleBufferModeCmd  stm32f4xx_dma.o
    0x080042ce   0x00000018   Code   RO         1357    i.DMA_DoubleBufferModeConfig  stm32f4xx_dma.o
    0x080042e6   0x00000008   Code   RO         1360    i.DMA_GetCurrDataCounter  stm32f4xx_dma.o
    0x080042ee   0x00000014   Code   RO         1361    i.DMA_GetCurrentMemoryTarget  stm32f4xx_dma.o
    0x08004302   0x00000002   PAD
    0x08004304   0x00000058   Code   RO         1366    i.DMA_Init          stm32f4xx_dma.o
    0x0800435c   0x00000022   Code   RO         1370    i.DMA_StructInit    stm32f4xx_dma.o
    0x0800437e   0x00000002   Code   RO            4    i.DebugMon_Handler  stm32f4xx_it.o
    0x08004380   0x00000090   Code   RO         2088    i.GPIO_Init         stm32f4xx_gpio.o
    0x08004410   0x00000046   Code   RO         2089    i.GPIO_PinAFConfig  stm32f4xx_gpio.o
    0x08004456   0x00000012   Code   RO         2092    i.GPIO_ReadInputDataBit  stm32f4xx_gpio.o
    0x08004468   0x00000004   Code   RO         2095    i.GPIO_ResetBits    stm32f4xx_gpio.o
    0x0800446c   0x00000004   Code   RO         2096    i.GPIO_SetBits      stm32f4xx_gpio.o
    0x08004470   0x00000012   Code   RO         2097    i.GPIO_StructInit   stm32f4xx_gpio.o
    0x08004482   0x00000014   Code   RO         5544    i.GetEncoderBias    encoder_process.o
    0x08004496   0x00000002   PAD
    0x08004498   0x00000034   Code   RO         5787    i.Get_CRC16_Check_Sum  data_send_handle.o
    0x080044cc   0x00000024   Code   RO         5788    i.Get_CRC8_Check_Sum  data_send_handle.o
    0x080044f0   0x00000004   Code   RO            5    i.HardFault_Handler  stm32f4xx_it.o
    0x080044f4   0x00000004   Code   RO            6    i.MemManage_Handler  stm32f4xx_it.o
    0x080044f8   0x0000010c   Code   RO         5545    i.Motor_2310_EncoderProcess  encoder_process.o
    0x08004604   0x0000010c   Code   RO         5546    i.Motor_3510_27_EncoderProcess  encoder_process.o
    0x08004710   0x0000010c   Code   RO         5547    i.Motor_3510_EncoderProcess  encoder_process.o
    0x0800481c   0x00000002   Code   RO            7    i.NMI_Handler       stm32f4xx_it.o
    0x0800481e   0x00000002   PAD
    0x08004820   0x00000078   Code   RO          365    i.NVIC_Init         misc.o
    0x08004898   0x00000014   Code   RO          366    i.NVIC_PriorityGroupConfig  misc.o
    0x080048ac   0x0000047c   Code   RO         5661    i.PAW_Motor_TASK    paw_motor.o
    0x08004d28   0x00000090   Code   RO         5662    i.PAW_POSITION_HANDLE  paw_motor.o
    0x08004db8   0x000003cc   Code   RO         5278    i.PID_Calc          pid.o
    0x08005184   0x00000054   Code   RO         5279    i.PID_Reset         pid.o
    0x080051d8   0x0000003c   Code   RO         5170    i.PWM_Configuration  pwm.o
    0x08005214   0x00000224   Code   RO         5171    i.PWM_Configuration_AUTO  pwm.o
    0x08005438   0x00000002   Code   RO            8    i.PendSV_Handler    stm32f4xx_it.o
    0x0800543a   0x00000002   PAD
    0x0800543c   0x00000020   Code   RO         2952    i.RCC_AHB1PeriphClockCmd  stm32f4xx_rcc.o
    0x0800545c   0x00000020   Code   RO         2961    i.RCC_APB1PeriphClockCmd  stm32f4xx_rcc.o
    0x0800547c   0x00000020   Code   RO         2963    i.RCC_APB1PeriphResetCmd  stm32f4xx_rcc.o
    0x0800549c   0x00000020   Code   RO         2964    i.RCC_APB2PeriphClockCmd  stm32f4xx_rcc.o
    0x080054bc   0x00000020   Code   RO         2966    i.RCC_APB2PeriphResetCmd  stm32f4xx_rcc.o
    0x080054dc   0x000000e8   Code   RO         2973    i.RCC_GetClocksFreq  stm32f4xx_rcc.o
    0x080055c4   0x00000032   Code   RO         5336    i.RampCalc          ramp.o
    0x080055f6   0x00000002   Code   RO         5337    i.RampInit          ramp.o
    0x080055f8   0x0000002c   Code   RO         5338    i.RampIsOverflow    ramp.o
    0x08005624   0x00000006   Code   RO         5339    i.RampResetCounter  ramp.o
    0x0800562a   0x00000004   Code   RO         5340    i.RampSetCounter    ramp.o
    0x0800562e   0x00000004   Code   RO         5341    i.RampSetScale      ramp.o
    0x08005632   0x00000002   PAD
    0x08005634   0x00000038   Code   RO         5836    i.RingBuffer_Read   user_data_usart.o
    0x0800566c   0x00000040   Code   RO         5837    i.RingBuffer_Write  user_data_usart.o
    0x080056ac   0x0000064c   Code   RO         5445    i.STATE_CHANGE      chassis_motor.o
    0x08005cf8   0x00000002   Code   RO            9    i.SVC_Handler       stm32f4xx_it.o
    0x08005cfa   0x00000002   PAD
    0x08005cfc   0x000000ec   Code   RO          328    i.SetSysClock       system_stm32f4xx.o
    0x08005de8   0x0000005c   Code   RO         5237    i.Set_CM_Speed      can2.o
    0x08005e44   0x0000005c   Code   RO         5238    i.Set_Gimbal_Current  can2.o
    0x08005ea0   0x000000be   Code   RO         5172    i.Switch_GPIO_PinSource  pwm.o
    0x08005f5e   0x00000028   Code   RO          369    i.SysTick_CLKSourceConfig  misc.o
    0x08005f86   0x00000002   Code   RO           10    i.SysTick_Handler   stm32f4xx_it.o
    0x08005f88   0x00000068   Code   RO          330    i.SystemInit        system_stm32f4xx.o
    0x08005ff0   0x00000180   Code   RO         5601    i.TASK_Init         task_init.o
    0x08006170   0x0000001e   Code   RO         5719    i.TIM2_IRQHandler   timer2.o
    0x0800618e   0x00000002   PAD
    0x08006190   0x0000004c   Code   RO         5304    i.TIM6_Configuration  timer.o
    0x080061dc   0x00000050   Code   RO         5305    i.TIM6_DAC_IRQHandler  timer.o
    0x0800622c   0x00000024   Code   RO         5306    i.TIM6_Start        timer.o
    0x08006250   0x00000018   Code   RO         4287    i.TIM_ARRPreloadConfig  stm32f4xx_tim.o
    0x08006268   0x00000006   Code   RO         4293    i.TIM_ClearFlag     stm32f4xx_tim.o
    0x0800626e   0x00000006   Code   RO         4294    i.TIM_ClearITPendingBit  stm32f4xx_tim.o
    0x08006274   0x00000018   Code   RO         4299    i.TIM_Cmd           stm32f4xx_tim.o
    0x0800628c   0x0000001e   Code   RO         4301    i.TIM_CtrlPWMOutputs  stm32f4xx_tim.o
    0x080062aa   0x00000022   Code   RO         4320    i.TIM_GetITStatus   stm32f4xx_tim.o
    0x080062cc   0x00000012   Code   RO         4324    i.TIM_ITConfig      stm32f4xx_tim.o
    0x080062de   0x00000002   PAD
    0x080062e0   0x0000007c   Code   RO         4328    i.TIM_OC1Init       stm32f4xx_tim.o
    0x0800635c   0x00000012   Code   RO         4331    i.TIM_OC1PreloadConfig  stm32f4xx_tim.o
    0x0800636e   0x00000002   PAD
    0x08006370   0x000000a4   Code   RO         4333    i.TIM_OC2Init       stm32f4xx_tim.o
    0x08006414   0x0000001a   Code   RO         4336    i.TIM_OC2PreloadConfig  stm32f4xx_tim.o
    0x0800642e   0x00000002   PAD
    0x08006430   0x000000a0   Code   RO         4338    i.TIM_OC3Init       stm32f4xx_tim.o
    0x080064d0   0x00000012   Code   RO         4341    i.TIM_OC3PreloadConfig  stm32f4xx_tim.o
    0x080064e2   0x00000002   PAD
    0x080064e4   0x00000078   Code   RO         4343    i.TIM_OC4Init       stm32f4xx_tim.o
    0x0800655c   0x0000001a   Code   RO         4345    i.TIM_OC4PreloadConfig  stm32f4xx_tim.o
    0x08006576   0x00000004   Code   RO         4363    i.TIM_SetCompare3   stm32f4xx_tim.o
    0x0800657a   0x00000002   PAD
    0x0800657c   0x00000084   Code   RO         4371    i.TIM_TimeBaseInit  stm32f4xx_tim.o
    0x08006600   0x000000ec   Code   RO         5663    i.TRAILER_Motor_TASK  paw_motor.o
    0x080066ec   0x00000056   Code   RO         5838    i.Transform_Hex_To_Oct  user_data_usart.o
    0x08006742   0x00000002   PAD
    0x08006744   0x00000520   Code   RO         5621    i.UP_DOWN_Motor_TASK  up_down_motor.o
    0x08006c64   0x000000c0   Code   RO         5406    i.USART1_IRQHandler  yaokong_configuration.o
    0x08006d24   0x0000025c   Code   RO         5841    i.USART3_IRQHandler  user_data_usart.o
    0x08006f80   0x00000018   Code   RO         4849    i.USART_Cmd         stm32f4xx_usart.o
    0x08006f98   0x00000012   Code   RO         4850    i.USART_DMACmd      stm32f4xx_usart.o
    0x08006faa   0x00000002   PAD
    0x08006fac   0x000000f0   Code   RO         4851    i.USART_DeInit      stm32f4xx_usart.o
    0x0800709c   0x00000054   Code   RO         4853    i.USART_GetITStatus  stm32f4xx_usart.o
    0x080070f0   0x0000004a   Code   RO         4855    i.USART_ITConfig    stm32f4xx_usart.o
    0x0800713a   0x00000002   PAD
    0x0800713c   0x000000d4   Code   RO         4856    i.USART_Init        stm32f4xx_usart.o
    0x08007210   0x00000008   Code   RO         4866    i.USART_SendData    stm32f4xx_usart.o
    0x08007218   0x00000018   Code   RO         4872    i.USART_StructInit  stm32f4xx_usart.o
    0x08007230   0x00000004   Code   RO           11    i.UsageFault_Handler  stm32f4xx_it.o
    0x08007234   0x00000140   Code   RO         5407    i.YAOKONG_Configuration  yaokong_configuration.o
    0x08007374   0x00000170   Code   RO         5408    i.YAOKONG_Handle    yaokong_configuration.o
    0x080074e4   0x0000003c   Code   RO         5127    i.delay_init        delay.o
    0x08007520   0x00000038   Code   RO         5128    i.delay_ms          delay.o
    0x08007558   0x0000004c   Code   RO         5130    i.delay_xms         delay.o
    0x080075a4   0x000000c0   Code   RO         5843    i.getRobotPowerHeat  user_data_usart.o
    0x08007664   0x00000036   Code   RO          275    i.main              main.o
    0x0800769a   0x00000002   Code   RO         5664    i.paw_ramp          paw_motor.o
    0x0800769c   0x00000044   Code   RO         5699    i.single_double_handle  single_double_handle.o
    0x080076e0   0x0000004c   Code   RO         5844    i.solve_chengfang   user_data_usart.o
    0x0800772c   0x00000018   Code   RO         6099    x$fpl$basic         fz_wm.l(basic.o)
    0x08007744   0x00000150   Code   RO         6103    x$fpl$dadd          fz_wm.l(daddsub_clz.o)
    0x08007894   0x00000018   Code   RO         6212    x$fpl$dcmpinf       fz_wm.l(dcmpi.o)
    0x080078ac   0x000002b0   Code   RO         6110    x$fpl$ddiv          fz_wm.l(ddiv.o)
    0x08007b5c   0x00000078   Code   RO         6113    x$fpl$deqf          fz_wm.l(deqf.o)
    0x08007bd4   0x0000005e   Code   RO         6115    x$fpl$dfix          fz_wm.l(dfix.o)
    0x08007c32   0x0000002e   Code   RO         6120    x$fpl$dflt          fz_wm.l(dflt_clz.o)
    0x08007c60   0x00000078   Code   RO         6125    x$fpl$dleqf         fz_wm.l(dleqf.o)
    0x08007cd8   0x00000154   Code   RO         6127    x$fpl$dmul          fz_wm.l(dmul.o)
    0x08007e2c   0x0000009c   Code   RO         6214    x$fpl$dnaninf       fz_wm.l(dnaninf.o)
    0x08007ec8   0x0000000c   Code   RO         6216    x$fpl$dretinf       fz_wm.l(dretinf.o)
    0x08007ed4   0x0000006c   Code   RO         6129    x$fpl$drleqf        fz_wm.l(drleqf.o)
    0x08007f40   0x000001d4   Code   RO         6105    x$fpl$dsub          fz_wm.l(daddsub_clz.o)
    0x08008114   0x00000056   Code   RO         6131    x$fpl$f2d           fz_wm.l(f2d.o)
    0x0800816a   0x0000008c   Code   RO         6218    x$fpl$fnaninf       fz_wm.l(fnaninf.o)
    0x080081f6   0x0000000a   Code   RO         6260    x$fpl$fpinit        fz_wm.l(fpinit.o)
    0x08008200   0x00000000   Code   RO         6222    x$fpl$usenofp       fz_wm.l(usenofp.o)
    0x08008200   0x00000300   Data   RO         5790    .constdata          data_send_handle.o
    0x08008500   0x00000020   Data   RO         6344    Region$$Table       anon$$obj.o


    Execution Region RW_IRAM1 (Base: 0x20000000, Size: 0x00002450, Max: 0x00020000, ABSOLUTE, COMPRESSED[0x000000d0])

    Base Addr    Size         Type   Attr      Idx    E Section Name        Object

    0x20000000   0x00000010   Data   RW         3005    .data               stm32f4xx_rcc.o
    0x20000010   0x00001718   Data   RW         5103    .data               bianliang_definition.o
    0x20001728   0x00000004   Data   RW         5131    .data               delay.o
    0x2000172c   0x00000004   Data   RW         5410    .data               yaokong_configuration.o
    0x20001730   0x00000008   Data   RW         5847    .data               user_data_usart.o
    0x20001738   0x000005c8   Zero   RW         5102    .bss                bianliang_definition.o
    0x20001d00   0x0000003c   Zero   RW         5409    .bss                yaokong_configuration.o
    0x20001d3c   0x000000b0   Zero   RW         5846    .bss                user_data_usart.o
    0x20001dec   0x00000060   Zero   RW         6226    .bss                c_w.l(libspace.o)
    0x20001e4c   0x00000004   PAD
    0x20001e50   0x00000200   Zero   RW         5094    HEAP                startup_stm32f40_41xxx.o
    0x20002050   0x00000400   Zero   RW         5093    STACK               startup_stm32f40_41xxx.o


==============================================================================

Image component sizes


      Code (inc. data)   RO Data    RW Data    ZI Data      Debug   Object Name

         0          0          0       5912       1480      22969   bianliang_definition.o
       360         24          0          0          0       1952   can1.o
       540         22          0          0          0       3840   can2.o
     12536       1080          0          0          0       4555   chassis_motor.o
        88         12        768          0          0       2332   data_send_handle.o
       192         12          0          4          0       2044   delay.o
      1380        164          0          0          0       5039   encoder_process.o
        54          0          0          0          0     259814   main.o
       180         24          0          0          0       2273   misc.o
      1530        266          0          0          0       2579   paw_motor.o
      1056         28          0          0          0       1507   pid.o
       798         14          0          0          0       2501   pwm.o
       110          0          0          0          0       3682   ramp.o
        68          0          0          0          0       1095   single_double_handle.o
        64         26        392          0       1536        868   startup_stm32f40_41xxx.o
      1710         26          0          0          0       8704   stm32f4xx_can.o
       562         26          0          0          0       6476   stm32f4xx_dma.o
       258          0          0          0          0       4393   stm32f4xx_gpio.o
        26          0          0          0          0      70614   stm32f4xx_it.o
       392         48          0         16          0       6181   stm32f4xx_rcc.o
       934         66          0          0          0      12124   stm32f4xx_tim.o
       684         42          0          0          0       6492   stm32f4xx_usart.o
       340         32          0          0          0       1641   system_stm32f4xx.o
       384         56          0          0          0        884   task_init.o
       192         18          0          0          0       1720   timer.o
        30          0          0          0          0        534   timer2.o
      1312        192          0          0          0       1257   up_down_motor.o
      1078         76          0          8        176       5569   user_data_usart.o
       880        106          0          4         60       2877   yaokong_configuration.o

    ----------------------------------------------------------------------
     27768       2360       1192       5944       3252     446516   Object Totals
         0          0         32          0          0          0   (incl. Generated)
        30          0          0          0          0          0   (incl. Padding)

    ----------------------------------------------------------------------

      Code (inc. data)   RO Data    RW Data    ZI Data      Debug   Library Member Name

      1444          0          0          0          0      11304   fifo.o
        90          0          0          0          0          0   __dczerorl2.o
         8          0          0          0          0         68   __main.o
         0          0          0          0          0          0   __rtentry.o
        12          0          0          0          0          0   __rtentry2.o
         6          0          0          0          0          0   __rtentry4.o
        52          8          0          0          0          0   __scatter.o
        28          0          0          0          0          0   __scatter_zi.o
        10          0          0          0          0         68   defsig_exit.o
        50          0          0          0          0         88   defsig_general.o
        80         58          0          0          0         76   defsig_rtmem_inner.o
        14          0          0          0          0         80   defsig_rtmem_outer.o
        12          0          0          0          0         72   exit.o
        94          0          0          0          0         80   h1_alloc.o
        52          0          0          0          0         68   h1_extend.o
        78          0          0          0          0         80   h1_free.o
        14          0          0          0          0         84   h1_init.o
         6          0          0          0          0        152   heapauxi.o
         4          0          0          0          0        136   hguard.o
         0          0          0          0          0          0   indicate_semi.o
       138          0          0          0          0        168   init_alloc.o
         2          0          0          0          0          0   libinit.o
        14          0          0          0          0          0   libinit2.o
         2          0          0          0          0          0   libshutdown.o
         2          0          0          0          0          0   libshutdown2.o
         8          4          0          0         96         68   libspace.o
         0          0          0          0          0          0   maybetermalloc1.o
         8          4          0          0          0         68   rt_heap_descriptor_intlibspace.o
         2          0          0          0          0          0   rtexit.o
        10          0          0          0          0          0   rtexit2.o
        12          4          0          0          0         68   sys_exit.o
        74          0          0          0          0         80   sys_stackheap_outer.o
        14          0          0          0          0         76   sys_wrch.o
         2          0          0          0          0         68   use_no_semi.o
        24          0          0          0          0        164   basic.o
       804         16          0          0          0        368   daddsub_clz.o
        24          0          0          0          0        116   dcmpi.o
       688        140          0          0          0        256   ddiv.o
       120          4          0          0          0        140   deqf.o
        94          4          0          0          0        140   dfix.o
        46          0          0          0          0        116   dflt_clz.o
       120          4          0          0          0        140   dleqf.o
       340         12          0          0          0        152   dmul.o
       156          4          0          0          0        140   dnaninf.o
        12          0          0          0          0        116   dretinf.o
       108          0          0          0          0        128   drleqf.o
        86          4          0          0          0        132   f2d.o
       140          4          0          0          0        132   fnaninf.o
        10          0          0          0          0        116   fpinit.o
         0          0          0          0          0          0   usenofp.o

    ----------------------------------------------------------------------
      5120        270          0          0        100      15308   Library Totals
         6          0          0          0          4          0   (incl. Padding)

    ----------------------------------------------------------------------

      Code (inc. data)   RO Data    RW Data    ZI Data      Debug   Library Name

      1444          0          0          0          0      11304   RMLib.lib
       898         78          0          0         96       1648   c_w.l
      2772        192          0          0          0       2356   fz_wm.l

    ----------------------------------------------------------------------
      5120        270          0          0        100      15308   Library Totals

    ----------------------------------------------------------------------

==============================================================================


      Code (inc. data)   RO Data    RW Data    ZI Data      Debug   

     32888       2630       1192       5944       3352     447592   Grand Totals
     32888       2630       1192        208       3352     447592   ELF Image Totals (compressed)
     32888       2630       1192        208          0          0   ROM Totals

==============================================================================

    Total RO  Size (Code + RO Data)                34080 (  33.28kB)
    Total RW  Size (RW Data + ZI Data)              9296 (   9.08kB)
    Total ROM Size (Code + RO Data + RW Data)      34288 (  33.48kB)

==============================================================================

